Component: ARM Compiler 5.06 update 7 (build 960) Tool: armlink [4d3601]

==============================================================================

Section Cross References

    startup_stm32f103xe.o(STACK) refers (Special) to heapauxi.o(.text) for __use_two_region_memory
    startup_stm32f103xe.o(HEAP) refers (Special) to heapauxi.o(.text) for __use_two_region_memory
    startup_stm32f103xe.o(RESET) refers (Special) to heapauxi.o(.text) for __use_two_region_memory
    startup_stm32f103xe.o(RESET) refers to startup_stm32f103xe.o(STACK) for __initial_sp
    startup_stm32f103xe.o(RESET) refers to startup_stm32f103xe.o(.text) for Reset_Handler
    startup_stm32f103xe.o(RESET) refers to stm32f1xx_it.o(i.NMI_Handler) for NMI_Handler
    startup_stm32f103xe.o(RESET) refers to stm32f1xx_it.o(i.HardFault_Handler) for HardFault_Handler
    startup_stm32f103xe.o(RESET) refers to stm32f1xx_it.o(i.MemManage_Handler) for MemManage_Handler
    startup_stm32f103xe.o(RESET) refers to stm32f1xx_it.o(i.BusFault_Handler) for BusFault_Handler
    startup_stm32f103xe.o(RESET) refers to stm32f1xx_it.o(i.UsageFault_Handler) for UsageFault_Handler
    startup_stm32f103xe.o(RESET) refers to stm32f1xx_it.o(i.SVC_Handler) for SVC_Handler
    startup_stm32f103xe.o(RESET) refers to stm32f1xx_it.o(i.DebugMon_Handler) for DebugMon_Handler
    startup_stm32f103xe.o(RESET) refers to stm32f1xx_it.o(i.PendSV_Handler) for PendSV_Handler
    startup_stm32f103xe.o(RESET) refers to stm32f1xx_it.o(i.SysTick_Handler) for SysTick_Handler
    startup_stm32f103xe.o(RESET) refers to stm32f1xx_it.o(i.I2C2_EV_IRQHandler) for I2C2_EV_IRQHandler
    startup_stm32f103xe.o(.text) refers (Special) to heapauxi.o(.text) for __use_two_region_memory
    startup_stm32f103xe.o(.text) refers to system_stm32f1xx.o(i.SystemInit) for SystemInit
    startup_stm32f103xe.o(.text) refers to __main.o(!!!main) for __main
    startup_stm32f103xe.o(.text) refers to startup_stm32f103xe.o(HEAP) for Heap_Mem
    startup_stm32f103xe.o(.text) refers to startup_stm32f103xe.o(STACK) for Stack_Mem
    max30102.o(i.buffInsert) refers to max30102.o(.bss) for sampleBuff
    max30102.o(i.calAcDc) refers to max30102.o(.bss) for sampleBuff
    max30102.o(i.filter) refers to max30102.o(.bss) for sampleBuff
    max30102.o(i.max30102_OFF) refers to stm32f1xx_hal_i2c.o(i.HAL_I2C_Mem_Read) for HAL_I2C_Mem_Read
    max30102.o(i.max30102_OFF) refers to stm32f1xx_hal_i2c.o(i.HAL_I2C_Mem_Write) for HAL_I2C_Mem_Write
    max30102.o(i.max30102_OFF) refers to i2c.o(.bss) for hi2c1
    max30102.o(i.max30102_ON) refers to stm32f1xx_hal_i2c.o(i.HAL_I2C_Mem_Read) for HAL_I2C_Mem_Read
    max30102.o(i.max30102_ON) refers to stm32f1xx_hal_i2c.o(i.HAL_I2C_Mem_Write) for HAL_I2C_Mem_Write
    max30102.o(i.max30102_ON) refers to i2c.o(.bss) for hi2c1
    max30102.o(i.max30102_cal) refers to max30102.o(i.max30102_getUnreadSampleCount) for max30102_getUnreadSampleCount
    max30102.o(i.max30102_cal) refers to max30102.o(i.max30102_getFIFO) for max30102_getFIFO
    max30102.o(i.max30102_cal) refers to max30102.o(i.buffInsert) for buffInsert
    max30102.o(i.max30102_cal) refers to max30102.o(i.calAcDc) for calAcDc
    max30102.o(i.max30102_cal) refers to max30102.o(i.filter) for filter
    max30102.o(i.max30102_cal) refers to fflt_clz.o(x$fpl$ffltu) for __aeabi_ui2f
    max30102.o(i.max30102_cal) refers to fdiv.o(x$fpl$fdiv) for __aeabi_fdiv
    max30102.o(i.max30102_cal) refers to f2d.o(x$fpl$f2d) for __aeabi_f2d
    max30102.o(i.max30102_cal) refers to drleqf.o(x$fpl$drleqf) for __aeabi_cdrcmple
    max30102.o(i.max30102_cal) refers to dleqf.o(x$fpl$dleqf) for __aeabi_cdcmple
    max30102.o(i.max30102_cal) refers to fmul.o(x$fpl$fmul) for __aeabi_fmul
    max30102.o(i.max30102_cal) refers to faddsub_clz.o(x$fpl$frsb) for __aeabi_frsub
    max30102.o(i.max30102_cal) refers to ffixu.o(x$fpl$ffixu) for __aeabi_f2uiz
    max30102.o(i.max30102_cal) refers to fleqf.o(x$fpl$fleqf) for __aeabi_cfcmple
    max30102.o(i.max30102_cal) refers to daddsub_clz.o(x$fpl$drsb) for __aeabi_drsub
    max30102.o(i.max30102_cal) refers to dfixu.o(x$fpl$dfixu) for __aeabi_d2uiz
    max30102.o(i.max30102_cal) refers to ddiv.o(x$fpl$ddiv) for __aeabi_ddiv
    max30102.o(i.max30102_cal) refers to max30102.o(.data) for heartRate
    max30102.o(i.max30102_cal) refers to max30102.o(.bss) for lastTenBeatSampleCount
    max30102.o(i.max30102_getDiff) refers to max30102.o(.data) for eachSampleDiff
    max30102.o(i.max30102_getFIFO) refers to stm32f1xx_hal_i2c.o(i.HAL_I2C_Mem_Read) for HAL_I2C_Mem_Read
    max30102.o(i.max30102_getFIFO) refers to i2c.o(.bss) for hi2c1
    max30102.o(i.max30102_getHeartRate) refers to max30102.o(.data) for heartRate
    max30102.o(i.max30102_getSpO2) refers to max30102.o(.data) for spo2
    max30102.o(i.max30102_getStatus) refers to stm32f1xx_hal_i2c.o(i.HAL_I2C_Mem_Read) for HAL_I2C_Mem_Read
    max30102.o(i.max30102_getStatus) refers to i2c.o(.bss) for hi2c1
[...]
    ..\Core\Src\i2c.c                        0x00000000   Number         0  i2c.o ABSOLUTE
    ..\Core\Src\main.c                       0x00000000   Number         0  main.o ABSOLUTE
    ..\Core\Src\max30102.c                   0x00000000   Number         0  max30102.o ABSOLUTE
    ..\Core\Src\oled.c                       0x00000000   Number         0  oled.o ABSOLUTE
    ..\Core\Src\stm32f1xx_hal_msp.c          0x00000000   Number         0  stm32f1xx_hal_msp.o ABSOLUTE
    ..\Core\Src\stm32f1xx_it.c               0x00000000   Number         0  stm32f1xx_it.o ABSOLUTE
    ..\Core\Src\system_stm32f1xx.c           0x00000000   Number         0  system_stm32f1xx.o ABSOLUTE
    ..\Core\Src\usart.c                      0x00000000   Number         0  usart.o ABSOLUTE
    ..\Drivers\STM32F1xx_HAL_Driver\Src\stm32f1xx_hal.c 0x00000000   Number         0  stm32f1xx_hal.o ABSOLUTE
    ..\Drivers\STM32F1xx_HAL_Driver\Src\stm32f1xx_hal_cortex.c 0x00000000   Number         0  stm32f1xx_hal_cortex.o ABSOLUTE
    ..\Drivers\STM32F1xx_HAL_Driver\Src\stm32f1xx_hal_dma.c 0x00000000   Number         0  stm32f1xx_hal_dma.o ABSOLUTE
    ..\Drivers\STM32F1xx_HAL_Driver\Src\stm32f1xx_hal_exti.c 0x00000000   Number         0  stm32f1xx_hal_exti.o ABSOLUTE
    ..\Drivers\STM32F1xx_HAL_Driver\Src\stm32f1xx_hal_flash.c 0x00000000   Number         0  stm32f1xx_hal_flash.o ABSOLUTE
    ..\Drivers\STM32F1xx_HAL_Driver\Src\stm32f1xx_hal_flash_ex.c 0x00000000   Number         0  stm32f1xx_hal_flash_ex.o ABSOLUTE
    ..\Drivers\STM32F1xx_HAL_Driver\Src\stm32f1xx_hal_gpio.c 0x00000000   Number         0  stm32f1xx_hal_gpio.o ABSOLUTE
    ..\Drivers\STM32F1xx_HAL_Driver\Src\stm32f1xx_hal_gpio_ex.c 0x00000000   Number         0  stm32f1xx_hal_gpio_ex.o ABSOLUTE
    ..\Drivers\STM32F1xx_HAL_Driver\Src\stm32f1xx_hal_i2c.c 0x00000000   Number         0  stm32f1xx_hal_i2c.o ABSOLUTE
    ..\Drivers\STM32F1xx_HAL_Driver\Src\stm32f1xx_hal_pwr.c 0x00000000   Number         0  stm32f1xx_hal_pwr.o ABSOLUTE
    ..\Drivers\STM32F1xx_HAL_Driver\Src\stm32f1xx_hal_rcc.c 0x00000000   Number         0  stm32f1xx_hal_rcc.o ABSOLUTE
    ..\Drivers\STM32F1xx_HAL_Driver\Src\stm32f1xx_hal_rcc_ex.c 0x00000000   Number         0  stm32f1xx_hal_rcc_ex.o ABSOLUTE
    ..\Drivers\STM32F1xx_HAL_Driver\Src\stm32f1xx_hal_tim.c 0x00000000   Number         0  stm32f1xx_hal_tim.o ABSOLUTE
    ..\Drivers\STM32F1xx_HAL_Driver\Src\stm32f1xx_hal_tim_ex.c 0x00000000   Number         0  stm32f1xx_hal_tim_ex.o ABSOLUTE
    ..\Drivers\STM32F1xx_HAL_Driver\Src\stm32f1xx_hal_uart.c 0x00000000   Number         0  stm32f1xx_hal_uart.o ABSOLUTE
    ..\\Core\\Src\\max30102.c                0x00000000   Number         0  max30102.o ABSOLUTE
    ..\\Core\\Src\\oled.c                    0x00000000   Number         0  oled.o ABSOLUTE
    dc.s                                     0x00000000   Number         0  dc.o ABSOLUTE
    startup_stm32f103xe.s                    0x00000000   Number         0  startup_stm32f103xe.o ABSOLUTE
    RESET                                    0x08000000   Section      304  startup_stm32f103xe.o(RESET)
    !!!main                                  0x08000130   Section        8  __main.o(!!!main)
    !!!scatter                               0x08000138   Section       52  __scatter.o(!!!scatter)
    !!handler_copy                           0x0800016c   Section       26  __scatter_copy.o(!!handler_copy)
    !!handler_zi                             0x08000188   Section       28  __scatter_zi.o(!!handler_zi)
    .ARM.Collect$$libinit$$00000000          0x080001a4   Section        2  libinit.o(.ARM.Collect$$libinit$$00000000)
    .ARM.Collect$$libinit$$00000002          0x080001a6   Section        0  libinit2.o(.ARM.Collect$$libinit$$00000002)
    .ARM.Collect$$libinit$$00000004          0x080001a6   Section        0  libinit2.o(.ARM.Collect$$libinit$$00000004)
    .ARM.Collect$$libinit$$0000000A          0x080001a6   Section        0  libinit2.o(.ARM.Collect$$libinit$$0000000A)
    .ARM.Collect$$libinit$$0000000C          0x080001a6   Section        0  libinit2.o(.ARM.Collect$$libinit$$0000000C)
    .ARM.Collect$$libinit$$0000000E          0x080001a6   Section        0  libinit2.o(.ARM.Collect$$libinit$$0000000E)
    .ARM.Collect$$libinit$$00000011          0x080001a6   Section        0  libinit2.o(.ARM.Collect$$libinit$$00000011)
    .ARM.Collect$$libinit$$00000013          0x080001a6   Section        0  libinit2.o(.ARM.Collect$$libinit$$00000013)
    .ARM.Collect$$libinit$$00000015          0x080001a6   Section        0  libinit2.o(.ARM.Collect$$libinit$$00000015)
    .ARM.Collect$$libinit$$00000017          0x080001a6   Section        0  libinit2.o(.ARM.Collect$$libinit$$00000017)
    .ARM.Collect$$libinit$$00000019          0x080001a6   Section        0  libinit2.o(.ARM.Collect$$libinit$$00000019)
    .ARM.Collect$$libinit$$0000001B          0x080001a6   Section        0  libinit2.o(.ARM.Collect$$libinit$$0000001B)
    .ARM.Collect$$libinit$$0000001D          0x080001a6   Section        0  libinit2.o(.ARM.Collect$$libinit$$0000001D)
    .ARM.Collect$$libinit$$0000001F          0x080001a6   Section        0  libinit2.o(.ARM.Collect$$libinit$$0000001F)
    .ARM.Collect$$libinit$$00000021          0x080001a6   Section        0  libinit2.o(.ARM.Collect$$libinit$$00000021)
    .ARM.Collect$$libinit$$00000023          0x080001a6   Section        0  libinit2.o(.ARM.Collect$$libinit$$00000023)
    .ARM.Collect$$libinit$$00000025          0x080001a6   Section        0  libinit2.o(.ARM.Collect$$libinit$$00000025)
    .ARM.Collect$$libinit$$0000002C          0x080001a6   Section        0  libinit2.o(.ARM.Collect$$libinit$$0000002C)
    .ARM.Collect$$libinit$$0000002E          0x080001a6   Section        0  libinit2.o(.ARM.Collect$$libinit$$0000002E)
    .ARM.Collect$$libinit$$00000030          0x080001a6   Section        0  libinit2.o(.ARM.Collect$$libinit$$00000030)
    .ARM.Collect$$libinit$$00000032          0x080001a6   Section        0  libinit2.o(.ARM.Collect$$libinit$$00000032)
    .ARM.Collect$$libinit$$00000033          0x080001a6   Section        2  libinit2.o(.ARM.Collect$$libinit$$00000033)
    .ARM.Collect$$libshutdown$$00000000      0x080001a8   Section        2  libshutdown.o(.ARM.Collect$$libshutdown$$00000000)
    .ARM.Collect$$libshutdown$$00000002      0x080001aa   Section        0  libshutdown2.o(.ARM.Collect$$libshutdown$$00000002)
    .ARM.Collect$$libshutdown$$00000004      0x080001aa   Section        0  libshutdown2.o(.ARM.Collect$$libshutdown$$00000004)
    .ARM.Collect$$libshutdown$$00000006      0x080001aa   Section        0  libshutdown2.o(.ARM.Collect$$libshutdown$$00000006)
    .ARM.Collect$$libshutdown$$00000009      0x080001aa   Section        0  libshutdown2.o(.ARM.Collect$$libshutdown$$00000009)
    .ARM.Collect$$libshutdown$$0000000C      0x080001aa   Section        0  libshutdown2.o(.ARM.Collect$$libshutdown$$0000000C)
    .ARM.Collect$$libshutdown$$0000000E      0x080001aa   Section        0  libshutdown2.o(.ARM.Collect$$libshutdown$$0000000E)
    .ARM.Collect$$libshutdown$$00000011      0x080001aa   Section        0  libshutdown2.o(.ARM.Collect$$libshutdown$$00000011)
    .ARM.Collect$$libshutdown$$00000012      0x080001aa   Section        2  libshutdown2.o(.ARM.Collect$$libshutdown$$00000012)
    .ARM.Collect$$rtentry$$00000000          0x080001ac   Section        0  __rtentry.o(.ARM.Collect$$rtentry$$00000000)
    .ARM.Collect$$rtentry$$00000002          0x080001ac   Section        0  __rtentry2.o(.ARM.Collect$$rtentry$$00000002)
    .ARM.Collect$$rtentry$$00000004          0x080001ac   Section        6  __rtentry4.o(.ARM.Collect$$rtentry$$00000004)
    .ARM.Collect$$rtentry$$00000009          0x080001b2   Section        0  __rtentry2.o(.ARM.Collect$$rtentry$$00000009)
    .ARM.Collect$$rtentry$$0000000A          0x080001b2   Section        4  __rtentry2.o(.ARM.Collect$$rtentry$$0000000A)
    .ARM.Collect$$rtentry$$0000000C          0x080001b6   Section        0  __rtentry2.o(.ARM.Collect$$rtentry$$0000000C)
    .ARM.Collect$$rtentry$$0000000D          0x080001b6   Section        8  __rtentry2.o(.ARM.Collect$$rtentry$$0000000D)
    .ARM.Collect$$rtexit$$00000000           0x080001be   Section        2  rtexit.o(.ARM.Collect$$rtexit$$00000000)
    .ARM.Collect$$rtexit$$00000002           0x080001c0   Section        0  rtexit2.o(.ARM.Collect$$rtexit$$00000002)
    .ARM.Collect$$rtexit$$00000003           0x080001c0   Section        4  rtexit2.o(.ARM.Collect$$rtexit$$00000003)
    .ARM.Collect$$rtexit$$00000004           0x080001c4   Section        6  rtexit2.o(.ARM.Collect$$rtexit$$00000004)
    .text                                    0x080001cc   Section       64  startup_stm32f103xe.o(.text)
    .text                                    0x0800020c   Section        2  use_no_semi_2.o(.text)
    .text                                    0x0800020e   Section      100  rt_memcpy_w.o(.text)
    .text                                    0x08000272   Section       78  rt_memclr_w.o(.text)
    .text                                    0x080002c0   Section        0  heapauxi.o(.text)
    .text                                    0x080002c6   Section        2  use_no_semi.o(.text)
    .text                                    0x080002c8   Section       74  sys_stackheap_outer.o(.text)
    .text                                    0x08000312   Section        0  exit.o(.text)
    .text                                    0x08000324   Section        8  libspace.o(.text)
    i.BusFault_Handler                       0x0800032c   Section        0  stm32f1xx_it.o(i.BusFault_Handler)
    i.DebugMon_Handler                       0x08000330   Section        0  stm32f1xx_it.o(i.DebugMon_Handler)
    i.Error_Handler                          0x08000332   Section        0  main.o(i.Error_Handler)
    i.HAL_DMA_Abort_IT                       0x08000338   Section        0  stm32f1xx_hal_dma.o(i.HAL_DMA_Abort_IT)
    i.HAL_DMA_GetState                       0x080004e0   Section        0  stm32f1xx_hal_dma.o(i.HAL_DMA_GetState)
    i.HAL_Delay                              0x080004e8   Section        0  stm32f1xx_hal.o(i.HAL_Delay)
    i.HAL_GPIO_Init                          0x08000510   Section        0  stm32f1xx_hal_gpio.o(i.HAL_GPIO_Init)
    i.HAL_GPIO_ReadPin                       0x08000850   Section        0  stm32f1xx_hal_gpio.o(i.HAL_GPIO_ReadPin)
    i.HAL_GPIO_TogglePin                     0x08000860   Section        0  stm32f1xx_hal_gpio.o(i.HAL_GPIO_TogglePin)
    i.HAL_GPIO_WritePin                      0x08000874   Section        0  stm32f1xx_hal_gpio.o(i.HAL_GPIO_WritePin)
    i.HAL_GetTick                            0x08000880   Section        0  stm32f1xx_hal.o(i.HAL_GetTick)
    i.HAL_I2C_AbortCpltCallback              0x0800088c   Section        0  stm32f1xx_hal_i2c.o(i.HAL_I2C_AbortCpltCallback)
    i.HAL_I2C_AddrCallback                   0x0800088e   Section        0  stm32f1xx_hal_i2c.o(i.HAL_I2C_AddrCallback)
    i.HAL_I2C_EV_IRQHandler                  0x08000890   Section        0  stm32f1xx_hal_i2c.o(i.HAL_I2C_EV_IRQHandler)
    i.HAL_I2C_ErrorCallback                  0x08000a6a   Section        0  stm32f1xx_hal_i2c.o(i.HAL_I2C_ErrorCallback)
    i.HAL_I2C_Init                           0x08000a6c   Section        0  stm32f1xx_hal_i2c.o(i.HAL_I2C_Init)
    i.HAL_I2C_ListenCpltCallback             0x08000c3c   Section        0  stm32f1xx_hal_i2c.o(i.HAL_I2C_ListenCpltCallback)
    i.HAL_I2C_MasterRxCpltCallback           0x08000c3e   Section        0  stm32f1xx_hal_i2c.o(i.HAL_I2C_MasterRxCpltCallback)
    i.HAL_I2C_MasterTxCpltCallback           0x08000c40   Section        0  stm32f1xx_hal_i2c.o(i.HAL_I2C_MasterTxCpltCallback)
    i.HAL_I2C_MemRxCpltCallback              0x08000c42   Section        0  stm32f1xx_hal_i2c.o(i.HAL_I2C_MemRxCpltCallback)
    i.HAL_I2C_MemTxCpltCallback              0x08000c44   Section        0  oled.o(i.HAL_I2C_MemTxCpltCallback)
    i.HAL_I2C_Mem_Read                       0x08000d3c   Section        0  stm32f1xx_hal_i2c.o(i.HAL_I2C_Mem_Read)
    i.HAL_I2C_Mem_Write                      0x080010a0   Section        0  stm32f1xx_hal_i2c.o(i.HAL_I2C_Mem_Write)
    i.HAL_I2C_Mem_Write_IT                   0x08001204   Section        0  stm32f1xx_hal_i2c.o(i.HAL_I2C_Mem_Write_IT)
    i.HAL_I2C_MspInit                        0x08001304   Section        0  i2c.o(i.HAL_I2C_MspInit)
    i.HAL_I2C_SlaveRxCpltCallback            0x080013e4   Section        0  stm32f1xx_hal_i2c.o(i.HAL_I2C_SlaveRxCpltCallback)
    i.HAL_I2C_SlaveTxCpltCallback            0x080013e6   Section        0  stm32f1xx_hal_i2c.o(i.HAL_I2C_SlaveTxCpltCallback)
    i.HAL_IncTick                            0x080013e8   Section        0  stm32f1xx_hal.o(i.HAL_IncTick)
    i.HAL_Init                               0x08001400   Section        0  stm32f1xx_hal.o(i.HAL_Init)
    i.HAL_InitTick                           0x08001428   Section        0  stm32f1xx_hal.o(i.HAL_InitTick)
    i.HAL_MspInit                            0x08001474   Section        0  stm32f1xx_hal_msp.o(i.HAL_MspInit)
    i.HAL_NVIC_EnableIRQ                     0x080014c8   Section        0  stm32f1xx_hal_cortex.o(i.HAL_NVIC_EnableIRQ)
    i.HAL_NVIC_SetPriority                   0x080014e8   Section        0  stm32f1xx_hal_cortex.o(i.HAL_NVIC_SetPriority)
    i.HAL_NVIC_SetPriorityGrouping           0x08001564   Section        0  stm32f1xx_hal_cortex.o(i.HAL_NVIC_SetPriorityGrouping)
    i.HAL_RCC_ClockConfig                    0x0800158c   Section        0  stm32f1xx_hal_rcc.o(i.HAL_RCC_ClockConfig)
    i.HAL_RCC_GetHCLKFreq                    0x08001718   Section        0  stm32f1xx_hal_rcc.o(i.HAL_RCC_GetHCLKFreq)
    i.HAL_RCC_GetPCLK1Freq                   0x08001724   Section        0  stm32f1xx_hal_rcc.o(i.HAL_RCC_GetPCLK1Freq)
    i.HAL_RCC_GetPCLK2Freq                   0x08001744   Section        0  stm32f1xx_hal_rcc.o(i.HAL_RCC_GetPCLK2Freq)
    i.HAL_RCC_GetSysClockFreq                0x08001764   Section        0  stm32f1xx_hal_rcc.o(i.HAL_RCC_GetSysClockFreq)
    i.HAL_RCC_OscConfig                      0x080017f8   Section        0  stm32f1xx_hal_rcc.o(i.HAL_RCC_OscConfig)
    i.HAL_SYSTICK_Config                     0x08001c5c   Section        0  stm32f1xx_hal_cortex.o(i.HAL_SYSTICK_Config)
    i.HAL_UART_Init                          0x08001c90   Section        0  stm32f1xx_hal_uart.o(i.HAL_UART_Init)
    i.HAL_UART_MspInit                       0x08001d04   Section        0  usart.o(i.HAL_UART_MspInit)
    i.HardFault_Handler                      0x08001d8c   Section        0  stm32f1xx_it.o(i.HardFault_Handler)
    i.I2C2_EV_IRQHandler                     0x08001d90   Section        0  stm32f1xx_it.o(i.I2C2_EV_IRQHandler)
    i.I2C_ConvertOtherXferOptions            0x08001da0   Section        0  stm32f1xx_hal_i2c.o(i.I2C_ConvertOtherXferOptions)
    I2C_ConvertOtherXferOptions              0x08001da1   Thumb Code    28  stm32f1xx_hal_i2c.o(i.I2C_ConvertOtherXferOptions)
    i.I2C_DMAAbort                           0x08001dbc   Section        0  stm32f1xx_hal_i2c.o(i.I2C_DMAAbort)
    I2C_DMAAbort                             0x08001dbd   Thumb Code   242  stm32f1xx_hal_i2c.o(i.I2C_DMAAbort)
    i.I2C_ITError                            0x08001eb4   Section        0  stm32f1xx_hal_i2c.o(i.I2C_ITError)
    I2C_ITError                              0x08001eb5   Thumb Code   420  stm32f1xx_hal_i2c.o(i.I2C_ITError)
    i.I2C_IsAcknowledgeFailed                0x08002060   Section        0  stm32f1xx_hal_i2c.o(i.I2C_IsAcknowledgeFailed)
    I2C_IsAcknowledgeFailed                  0x08002061   Thumb Code    62  stm32f1xx_hal_i2c.o(i.I2C_IsAcknowledgeFailed)
    i.I2C_MasterReceive_BTF                  0x0800209e   Section        0  stm32f1xx_hal_i2c.o(i.I2C_MasterReceive_BTF)
    I2C_MasterReceive_BTF                    0x0800209f   Thumb Code   294  stm32f1xx_hal_i2c.o(i.I2C_MasterReceive_BTF)
    i.I2C_MasterReceive_RXNE                 0x080021c4   Section        0  stm32f1xx_hal_i2c.o(i.I2C_MasterReceive_RXNE)
    I2C_MasterReceive_RXNE                   0x080021c5   Thumb Code   226  stm32f1xx_hal_i2c.o(i.I2C_MasterReceive_RXNE)
    i.I2C_MasterTransmit_BTF                 0x080022a6   Section        0  stm32f1xx_hal_i2c.o(i.I2C_MasterTransmit_BTF)
    I2C_MasterTransmit_BTF                   0x080022a7   Thumb Code   160  stm32f1xx_hal_i2c.o(i.I2C_MasterTransmit_BTF)
    i.I2C_MasterTransmit_TXE                 0x08002346   Section        0  stm32f1xx_hal_i2c.o(i.I2C_MasterTransmit_TXE)
    I2C_MasterTransmit_TXE                   0x08002347   Thumb Code   216  stm32f1xx_hal_i2c.o(i.I2C_MasterTransmit_TXE)
    i.I2C_Master_ADD10                       0x0800241e   Section        0  stm32f1xx_hal_i2c.o(i.I2C_Master_ADD10)
    I2C_Master_ADD10                         0x0800241f   Thumb Code    42  stm32f1xx_hal_i2c.o(i.I2C_Master_ADD10)
    i.I2C_Master_ADDR                        0x08002448   Section        0  stm32f1xx_hal_i2c.o(i.I2C_Master_ADDR)
    I2C_Master_ADDR                          0x08002449   Thumb Code   640  stm32f1xx_hal_i2c.o(i.I2C_Master_ADDR)
    i.I2C_Master_SB                          0x080026c8   Section        0  stm32f1xx_hal_i2c.o(i.I2C_Master_SB)
    I2C_Master_SB                            0x080026c9   Thumb Code   158  stm32f1xx_hal_i2c.o(i.I2C_Master_SB)
    i.I2C_MemoryTransmit_TXE_BTF             0x08002766   Section        0  stm32f1xx_hal_i2c.o(i.I2C_MemoryTransmit_TXE_BTF)
    I2C_MemoryTransmit_TXE_BTF               0x08002767   Thumb Code   190  stm32f1xx_hal_i2c.o(i.I2C_MemoryTransmit_TXE_BTF)
    i.I2C_RequestMemoryRead                  0x08002824   Section        0  stm32f1xx_hal_i2c.o(i.I2C_RequestMemoryRead)
    I2C_RequestMemoryRead                    0x08002825   Thumb Code   348  stm32f1xx_hal_i2c.o(i.I2C_RequestMemoryRead)
    i.I2C_RequestMemoryWrite                 0x08002984   Section        0  stm32f1xx_hal_i2c.o(i.I2C_RequestMemoryWrite)
    I2C_RequestMemoryWrite                   0x08002985   Thumb Code   220  stm32f1xx_hal_i2c.o(i.I2C_RequestMemoryWrite)
    i.I2C_SlaveReceive_BTF                   0x08002a64   Section        0  stm32f1xx_hal_i2c.o(i.I2C_SlaveReceive_BTF)
    I2C_SlaveReceive_BTF                     0x08002a65   Thumb Code    26  stm32f1xx_hal_i2c.o(i.I2C_SlaveReceive_BTF)
    i.I2C_SlaveReceive_RXNE                  0x08002a7e   Section        0  stm32f1xx_hal_i2c.o(i.I2C_SlaveReceive_RXNE)
    I2C_SlaveReceive_RXNE                    0x08002a7f   Thumb Code    70  stm32f1xx_hal_i2c.o(i.I2C_SlaveReceive_RXNE)
    i.I2C_SlaveTransmit_BTF                  0x08002ac4   Section        0  stm32f1xx_hal_i2c.o(i.I2C_SlaveTransmit_BTF)
    I2C_SlaveTransmit_BTF                    0x08002ac5   Thumb Code    26  stm32f1xx_hal_i2c.o(i.I2C_SlaveTransmit_BTF)
    i.I2C_SlaveTransmit_TXE                  0x08002ade   Section        0  stm32f1xx_hal_i2c.o(i.I2C_SlaveTransmit_TXE)
    I2C_SlaveTransmit_TXE                    0x08002adf   Thumb Code    70  stm32f1xx_hal_i2c.o(i.I2C_SlaveTransmit_TXE)
    i.I2C_Slave_ADDR                         0x08002b24   Section        0  stm32f1xx_hal_i2c.o(i.I2C_Slave_ADDR)
    I2C_Slave_ADDR                           0x08002b25   Thumb Code   112  stm32f1xx_hal_i2c.o(i.I2C_Slave_ADDR)
    i.I2C_Slave_STOPF                        0x08002b94   Section        0  stm32f1xx_hal_i2c.o(i.I2C_Slave_STOPF)
    I2C_Slave_STOPF                          0x08002b95   Thumb Code   386  stm32f1xx_hal_i2c.o(i.I2C_Slave_STOPF)
    i.I2C_WaitOnBTFFlagUntilTimeout          0x08002d20   Section        0  stm32f1xx_hal_i2c.o(i.I2C_WaitOnBTFFlagUntilTimeout)
    I2C_WaitOnBTFFlagUntilTimeout            0x08002d21   Thumb Code    92  stm32f1xx_hal_i2c.o(i.I2C_WaitOnBTFFlagUntilTimeout)
    i.I2C_WaitOnFlagUntilTimeout             0x08002d7c   Section        0  stm32f1xx_hal_i2c.o(i.I2C_WaitOnFlagUntilTimeout)
    I2C_WaitOnFlagUntilTimeout               0x08002d7d   Thumb Code   134  stm32f1xx_hal_i2c.o(i.I2C_WaitOnFlagUntilTimeout)
    i.I2C_WaitOnMasterAddressFlagUntilTimeout 0x08002e02   Section        0  stm32f1xx_hal_i2c.o(i.I2C_WaitOnMasterAddressFlagUntilTimeout)
    I2C_WaitOnMasterAddressFlagUntilTimeout  0x08002e03   Thumb Code   196  stm32f1xx_hal_i2c.o(i.I2C_WaitOnMasterAddressFlagUntilTimeout)
    i.I2C_WaitOnRXNEFlagUntilTimeout         0x08002ec6   Section        0  stm32f1xx_hal_i2c.o(i.I2C_WaitOnRXNEFlagUntilTimeout)
    I2C_WaitOnRXNEFlagUntilTimeout           0x08002ec7   Thumb Code   128  stm32f1xx_hal_i2c.o(i.I2C_WaitOnRXNEFlagUntilTimeout)
    i.I2C_WaitOnSTOPRequestThroughIT         0x08002f48   Section        0  stm32f1xx_hal_i2c.o(i.I2C_WaitOnSTOPRequestThroughIT)
    I2C_WaitOnSTOPRequestThroughIT           0x08002f49   Thumb Code    74  stm32f1xx_hal_i2c.o(i.I2C_WaitOnSTOPRequestThroughIT)
    i.I2C_WaitOnTXEFlagUntilTimeout          0x08002f98   Section        0  stm32f1xx_hal_i2c.o(i.I2C_WaitOnTXEFlagUntilTimeout)
    I2C_WaitOnTXEFlagUntilTimeout            0x08002f99   Thumb Code    92  stm32f1xx_hal_i2c.o(i.I2C_WaitOnTXEFlagUntilTimeout)
    i.MX_GPIO_Init                           0x08002ff4   Section        0  gpio.o(i.MX_GPIO_Init)
    i.MX_I2C1_Init                           0x08003098   Section        0  i2c.o(i.MX_I2C1_Init)
    i.MX_I2C2_Init                           0x080030d4   Section        0  i2c.o(i.MX_I2C2_Init)
    i.MX_USART1_UART_Init                    0x08003110   Section        0  usart.o(i.MX_USART1_UART_Init)
    i.MemManage_Handler                      0x08003148   Section        0  stm32f1xx_it.o(i.MemManage_Handler)
    i.NMI_Handler                            0x0800314c   Section        0  stm32f1xx_it.o(i.NMI_Handler)
    i.OLED_Clear                             0x08003150   Section        0  oled.o(i.OLED_Clear)
    i.OLED_Init                              0x0800317c   Section        0  oled.o(i.OLED_Init)
    i.OLED_Set_Pos                           0x080033c0   Section        0  oled.o(i.OLED_Set_Pos)
    i.OLED_ShowString                        0x080033d4   Section        0  oled.o(i.OLED_ShowString)
    i.OLED_WR_Byte                           0x08003434   Section        0  oled.o(i.OLED_WR_Byte)
    i.OLED_drawChart                         0x08003488   Section        0  oled.o(i.OLED_drawChart)
    i.OLED_showHeart                         0x080035b0   Section        0  oled.o(i.OLED_showHeart)
    i.OLED_showNum                           0x08003670   Section        0  oled.o(i.OLED_showNum)
    i.PendSV_Handler                         0x08003788   Section        0  stm32f1xx_it.o(i.PendSV_Handler)
    i.RCC_Delay                              0x0800378c   Section        0  stm32f1xx_hal_rcc.o(i.RCC_Delay)
    RCC_Delay                                0x0800378d   Thumb Code    36  stm32f1xx_hal_rcc.o(i.RCC_Delay)
    i.SVC_Handler                            0x080037b4   Section        0  stm32f1xx_it.o(i.SVC_Handler)
    i.SysTick_Handler                        0x080037b6   Section        0  stm32f1xx_it.o(i.SysTick_Handler)
    i.SystemClock_Config                     0x080037be   Section        0  main.o(i.SystemClock_Config)
    i.SystemInit                             0x08003824   Section        0  system_stm32f1xx.o(i.SystemInit)
    i.UART_SetConfig                         0x08003828   Section        0  stm32f1xx_hal_uart.o(i.UART_SetConfig)
    UART_SetConfig                           0x08003829   Thumb Code   248  stm32f1xx_hal_uart.o(i.UART_SetConfig)
    i.UsageFault_Handler                     0x08003924   Section        0  stm32f1xx_it.o(i.UsageFault_Handler)
    i.__NVIC_GetPriorityGrouping             0x08003928   Section        0  stm32f1xx_hal_cortex.o(i.__NVIC_GetPriorityGrouping)
    __NVIC_GetPriorityGrouping               0x08003929   Thumb Code    10  stm32f1xx_hal_cortex.o(i.__NVIC_GetPriorityGrouping)
    i.__NVIC_SetPriority                     0x08003938   Section        0  stm32f1xx_hal_cortex.o(i.__NVIC_SetPriority)
    __NVIC_SetPriority                       0x08003939   Thumb Code    32  stm32f1xx_hal_cortex.o(i.__NVIC_SetPriority)
    i._sys_exit                              0x08003960   Section        0  usart.o(i._sys_exit)
    i.buffInsert                             0x08003964   Section        0  max30102.o(i.buffInsert)
    i.calAcDc                                0x0800399c   Section        0  max30102.o(i.calAcDc)
    i.filter                                 0x08003a5c   Section        0  max30102.o(i.filter)
    i.main                                   0x08003a98   Section        0  main.o(i.main)
    i.max                                    0x08003be8   Section        0  oled.o(i.max)
    i.max30102_cal                           0x08003bf8   Section        0  max30102.o(i.max30102_cal)
    i.max30102_getDiff                       0x08003e14   Section        0  max30102.o(i.max30102_getDiff)
    i.max30102_getFIFO                       0x08003e20   Section        0  max30102.o(i.max30102_getFIFO)
    i.max30102_getHeartRate                  0x08003ed0   Section        0  max30102.o(i.max30102_getHeartRate)
    i.max30102_getSpO2                       0x08003edc   Section        0  max30102.o(i.max30102_getSpO2)
    i.max30102_getStatus                     0x08003ee8   Section        0  max30102.o(i.max30102_getStatus)
    i.max30102_getUnreadSampleCount          0x08003f34   Section        0  max30102.o(i.max30102_getUnreadSampleCount)
    i.max30102_init                          0x08003fa0   Section        0  max30102.o(i.max30102_init)
    i.min                                    0x080040e0   Section        0  oled.o(i.min)
    x$fpl$dadd                               0x080040f0   Section      336  daddsub_clz.o(x$fpl$dadd)
    _dadd1                                   0x08004101   Thumb Code     0  daddsub_clz.o(x$fpl$dadd)
    x$fpl$dcmpinf                            0x08004240   Section       24  dcmpi.o(x$fpl$dcmpinf)
    x$fpl$ddiv                               0x08004258   Section      688  ddiv.o(x$fpl$ddiv)
    ddiv_entry                               0x0800425f   Thumb Code     0  ddiv.o(x$fpl$ddiv)
    x$fpl$dfixu                              0x08004508   Section       90  dfixu.o(x$fpl$dfixu)
    x$fpl$dleqf                              0x08004564   Section      120  dleqf.o(x$fpl$dleqf)
    x$fpl$dmul                               0x080045dc   Section      340  dmul.o(x$fpl$dmul)
    x$fpl$dnaninf                            0x08004730   Section      156  dnaninf.o(x$fpl$dnaninf)
    x$fpl$dretinf                            0x080047cc   Section       12  dretinf.o(x$fpl$dretinf)
    x$fpl$drleqf                             0x080047d8   Section      108  drleqf.o(x$fpl$drleqf)
    x$fpl$drsb                               0x08004844   Section       22  daddsub_clz.o(x$fpl$drsb)
    x$fpl$dsub                               0x0800485c   Section      468  daddsub_clz.o(x$fpl$dsub)
    _dsub1                                   0x0800486d   Thumb Code     0  daddsub_clz.o(x$fpl$dsub)
    x$fpl$f2d                                0x08004a30   Section       86  f2d.o(x$fpl$f2d)
    x$fpl$fadd                               0x08004a88   Section      196  faddsub_clz.o(x$fpl$fadd)
    _fadd1                                   0x08004a97   Thumb Code     0  faddsub_clz.o(x$fpl$fadd)
    x$fpl$fcmpinf                            0x08004b4c   Section       24  fcmpi.o(x$fpl$fcmpinf)
    x$fpl$fdiv                               0x08004b64   Section      388  fdiv.o(x$fpl$fdiv)
    _fdiv1                                   0x08004b65   Thumb Code     0  fdiv.o(x$fpl$fdiv)
    x$fpl$ffixu                              0x08004ce8   Section       62  ffixu.o(x$fpl$ffixu)
    x$fpl$fflt                               0x08004d28   Section       48  fflt_clz.o(x$fpl$fflt)
    x$fpl$ffltu                              0x08004d58   Section       38  fflt_clz.o(x$fpl$ffltu)
    x$fpl$fleqf                              0x08004d80   Section      104  fleqf.o(x$fpl$fleqf)
    x$fpl$fmul                               0x08004de8   Section      258  fmul.o(x$fpl$fmul)
    x$fpl$fnaninf                            0x08004eea   Section      140  fnaninf.o(x$fpl$fnaninf)
    x$fpl$fretinf                            0x08004f76   Section       10  fretinf.o(x$fpl$fretinf)
    x$fpl$frsb                               0x08004f80   Section       20  faddsub_clz.o(x$fpl$frsb)
    x$fpl$fsub                               0x08004f94   Section      234  faddsub_clz.o(x$fpl$fsub)
    _fsub1                                   0x08004fa3   Thumb Code     0  faddsub_clz.o(x$fpl$fsub)
    .constdata                               0x0800507e   Section      632  oled.o(.constdata)
    x$fpl$usenofp                            0x0800507e   Section        0  usenofp.o(x$fpl$usenofp)
    .constdata                               0x080052f6   Section       24  system_stm32f1xx.o(.constdata)
    .data                                    0x20000000   Section       24  max30102.o(.data)
    eachBeatSampleCount                      0x20000012   Data           1  max30102.o(.data)
    last_iRed                                0x20000014   Data           4  max30102.o(.data)
    .data                                    0x20000018   Section        7  oled.o(.data)
    y                                        0x2000001d   Data           1  oled.o(.data)
    dat                                      0x2000001e   Data           1  oled.o(.data)
    .data                                    0x20000020   Section        9  stm32f1xx_hal.o(.data)
    .data                                    0x2000002c   Section        4  system_stm32f1xx.o(.data)
    .bss                                     0x20000030   Section      410  max30102.o(.bss)
    lastTenBeatSampleCount                   0x200001c0   Data          10  max30102.o(.bss)
    .bss                                     0x200001ca   Section     1024  oled.o(.bss)
    .bss                                     0x200005cc   Section      168  i2c.o(.bss)
    .bss                                     0x20000674   Section       68  usart.o(.bss)
    .bss                                     0x200006b8   Section       96  libspace.o(.bss)
    HEAP                                     0x20000718   Section      512  startup_stm32f103xe.o(HEAP)
    Heap_Mem                                 0x20000718   Data         512  startup_stm32f103xe.o(HEAP)
    STACK                                    0x20000918   Section     1024  startup_stm32f103xe.o(STACK)
    Stack_Mem                                0x20000918   Data        1024  startup_stm32f103xe.o(STACK)
    __initial_sp                             0x20000d18   Data           0  startup_stm32f103xe.o(STACK)

    Global Symbols

    Symbol Name                              Value     Ov Type        Size  Object(Section)

    BuildAttributes$$THM_ISAv4$P$D$K$B$S$PE$A:L22UL41UL21$X:L11$S22US41US21$IEEE1$IW$USESV6$~STKCKD$USESV7$~SHL$OSPACE$ROPI$EBA8$UX$STANDARDLIB$REQ8$PRES8$EABIv2 0x00000000   Number         0  anon$$obj.o ABSOLUTE
    __ARM_use_no_argv                        0x00000000   Number         0  main.o ABSOLUTE
    __ARM_exceptions_init                     - Undefined Weak Reference
    __alloca_initialize                       - Undefined Weak Reference
    __arm_fini_                               - Undefined Weak Reference
    __arm_preinit_                            - Undefined Weak Reference
    __cpp_initialize__aeabi_                  - Undefined Weak Reference
    __cxa_finalize                            - Undefined Weak Reference
    __rt_locale                               - Undefined Weak Reference
    __sigvec_lookup                           - Undefined Weak Reference
    _atexit_init                              - Undefined Weak Reference
    _call_atexit_fns                          - Undefined Weak Reference
    _clock_init                               - Undefined Weak Reference
    _fp_trap_init                             - Undefined Weak Reference
    _fp_trap_shutdown                         - Undefined Weak Reference
    _get_lc_collate                           - Undefined Weak Reference
    _get_lc_ctype                             - Undefined Weak Reference
    _get_lc_monetary                          - Undefined Weak Reference
    _get_lc_numeric                           - Undefined Weak Reference
    _get_lc_time                              - Undefined Weak Reference
    _getenv_init                              - Undefined Weak Reference
    _handle_redirection                       - Undefined Weak Reference
    _init_alloc                               - Undefined Weak Reference
    _init_user_alloc                          - Undefined Weak Reference
    _initio                                   - Undefined Weak Reference
    _rand_init                                - Undefined Weak Reference
    _signal_finish                            - Undefined Weak Reference
    _signal_init                              - Undefined Weak Reference
    _terminate_alloc                          - Undefined Weak Reference
    _terminate_user_alloc                     - Undefined Weak Reference
    _terminateio                              - Undefined Weak Reference
    __Vectors_Size                           0x00000130   Number         0  startup_stm32f103xe.o ABSOLUTE
    __Vectors                                0x08000000   Data           4  startup_stm32f103xe.o(RESET)
    __Vectors_End                            0x08000130   Data           0  startup_stm32f103xe.o(RESET)
    __main                                   0x08000131   Thumb Code     8  __main.o(!!!main)
    __scatterload                            0x08000139   Thumb Code     0  __scatter.o(!!!scatter)
    __scatterload_rt2                        0x08000139   Thumb Code    44  __scatter.o(!!!scatter)
    __scatterload_rt2_thumb_only             0x08000139   Thumb Code     0  __scatter.o(!!!scatter)
    __scatterload_null                       0x08000147   Thumb Code     0  __scatter.o(!!!scatter)
    __scatterload_copy                       0x0800016d   Thumb Code    26  __scatter_copy.o(!!handler_copy)
    __scatterload_zeroinit                   0x08000189   Thumb Code    28  __scatter_zi.o(!!handler_zi)
    __rt_lib_init                            0x080001a5   Thumb Code     0  libinit.o(.ARM.Collect$$libinit$$00000000)
    __rt_lib_init_alloca_1                   0x080001a7   Thumb Code     0  libinit2.o(.ARM.Collect$$libinit$$0000002E)
    __rt_lib_init_argv_1                     0x080001a7   Thumb Code     0  libinit2.o(.ARM.Collect$$libinit$$0000002C)
    __rt_lib_init_atexit_1                   0x080001a7   Thumb Code     0  libinit2.o(.ARM.Collect$$libinit$$0000001B)
    __rt_lib_init_clock_1                    0x080001a7   Thumb Code     0  libinit2.o(.ARM.Collect$$libinit$$00000021)
    __rt_lib_init_cpp_1                      0x080001a7   Thumb Code     0  libinit2.o(.ARM.Collect$$libinit$$00000032)
    __rt_lib_init_exceptions_1               0x080001a7   Thumb Code     0  libinit2.o(.ARM.Collect$$libinit$$00000030)
    __rt_lib_init_fp_1                       0x080001a7   Thumb Code     0  libinit2.o(.ARM.Collect$$libinit$$00000002)
    __rt_lib_init_fp_trap_1                  0x080001a7   Thumb Code     0  libinit2.o(.ARM.Collect$$libinit$$0000001F)
    __rt_lib_init_getenv_1                   0x080001a7   Thumb Code     0  libinit2.o(.ARM.Collect$$libinit$$00000023)
    __rt_lib_init_heap_1                     0x080001a7   Thumb Code     0  libinit2.o(.ARM.Collect$$libinit$$0000000A)
    __rt_lib_init_lc_collate_1               0x080001a7   Thumb Code     0  libinit2.o(.ARM.Collect$$libinit$$00000011)
    __rt_lib_init_lc_ctype_1                 0x080001a7   Thumb Code     0  libinit2.o(.ARM.Collect$$libinit$$00000013)
    __rt_lib_init_lc_monetary_1              0x080001a7   Thumb Code     0  libinit2.o(.ARM.Collect$$libinit$$00000015)
    __rt_lib_init_lc_numeric_1               0x080001a7   Thumb Code     0  libinit2.o(.ARM.Collect$$libinit$$00000017)
    __rt_lib_init_lc_time_1                  0x080001a7   Thumb Code     0  libinit2.o(.ARM.Collect$$libinit$$00000019)
    __rt_lib_init_preinit_1                  0x080001a7   Thumb Code     0  libinit2.o(.ARM.Collect$$libinit$$00000004)
    __rt_lib_init_rand_1                     0x080001a7   Thumb Code     0  libinit2.o(.ARM.Collect$$libinit$$0000000E)
    __rt_lib_init_return                     0x080001a7   Thumb Code     0  libinit2.o(.ARM.Collect$$libinit$$00000033)
    __rt_lib_init_signal_1                   0x080001a7   Thumb Code     0  libinit2.o(.ARM.Collect$$libinit$$0000001D)
    __rt_lib_init_stdio_1                    0x080001a7   Thumb Code     0  libinit2.o(.ARM.Collect$$libinit$$00000025)
    __rt_lib_init_user_alloc_1               0x080001a7   Thumb Code     0  libinit2.o(.ARM.Collect$$libinit$$0000000C)
    __rt_lib_shutdown                        0x080001a9   Thumb Code     0  libshutdown.o(.ARM.Collect$$libshutdown$$00000000)
    __rt_lib_shutdown_cpp_1                  0x080001ab   Thumb Code     0  libshutdown2.o(.ARM.Collect$$libshutdown$$00000004)
    __rt_lib_shutdown_fini_1                 0x080001ab   Thumb Code     0  libshutdown2.o(.ARM.Collect$$libshutdown$$00000002)
    __rt_lib_shutdown_fp_trap_1              0x080001ab   Thumb Code     0  libshutdown2.o(.ARM.Collect$$libshutdown$$00000009)
    __rt_lib_shutdown_heap_1                 0x080001ab   Thumb Code     0  libshutdown2.o(.ARM.Collect$$libshutdown$$00000011)
    __rt_lib_shutdown_return                 0x080001ab   Thumb Code     0  libshutdown2.o(.ARM.Collect$$libshutdown$$00000012)
    __rt_lib_shutdown_signal_1               0x080001ab   Thumb Code     0  libshutdown2.o(.ARM.Collect$$libshutdown$$0000000C)
    __rt_lib_shutdown_stdio_1                0x080001ab   Thumb Code     0  libshutdown2.o(.ARM.Collect$$libshutdown$$00000006)
    __rt_lib_shutdown_user_alloc_1           0x080001ab   Thumb Code     0  libshutdown2.o(.ARM.Collect$$libshutdown$$0000000E)
    __rt_entry                               0x080001ad   Thumb Code     0  __rtentry.o(.ARM.Collect$$rtentry$$00000000)
    __rt_entry_presh_1                       0x080001ad   Thumb Code     0  __rtentry2.o(.ARM.Collect$$rtentry$$00000002)
    __rt_entry_sh                            0x080001ad   Thumb Code     0  __rtentry4.o(.ARM.Collect$$rtentry$$00000004)
    __rt_entry_li                            0x080001b3   Thumb Code     0  __rtentry2.o(.ARM.Collect$$rtentry$$0000000A)
    __rt_entry_postsh_1                      0x080001b3   Thumb Code     0  __rtentry2.o(.ARM.Collect$$rtentry$$00000009)
    __rt_entry_main                          0x080001b7   Thumb Code     0  __rtentry2.o(.ARM.Collect$$rtentry$$0000000D)
    __rt_entry_postli_1                      0x080001b7   Thumb Code     0  __rtentry2.o(.ARM.Collect$$rtentry$$0000000C)
    __rt_exit                                0x080001bf   Thumb Code     0  rtexit.o(.ARM.Collect$$rtexit$$00000000)
    __rt_exit_ls                             0x080001c1   Thumb Code     0  rtexit2.o(.ARM.Collect$$rtexit$$00000003)
    __rt_exit_prels_1                        0x080001c1   Thumb Code     0  rtexit2.o(.ARM.Collect$$rtexit$$00000002)
    __rt_exit_exit                           0x080001c5   Thumb Code     0  rtexit2.o(.ARM.Collect$$rtexit$$00000004)
    Reset_Handler                            0x080001cd   Thumb Code     8  startup_stm32f103xe.o(.text)
    ADC1_2_IRQHandler                        0x080001e7   Thumb Code     0  startup_stm32f103xe.o(.text)
    ADC3_IRQHandler                          0x080001e7   Thumb Code     0  startup_stm32f103xe.o(.text)
    CAN1_RX1_IRQHandler                      0x080001e7   Thumb Code     0  startup_stm32f103xe.o(.text)
    CAN1_SCE_IRQHandler                      0x080001e7   Thumb Code     0  startup_stm32f103xe.o(.text)
    DMA1_Channel1_IRQHandler                 0x080001e7   Thumb Code     0  startup_stm32f103xe.o(.text)
    DMA1_Channel2_IRQHandler                 0x080001e7   Thumb Code     0  startup_stm32f103xe.o(.text)
    DMA1_Channel3_IRQHandler                 0x080001e7   Thumb Code     0  startup_stm32f103xe.o(.text)
    DMA1_Channel4_IRQHandler                 0x080001e7   Thumb Code     0  startup_stm32f103xe.o(.text)
    DMA1_Channel5_IRQHandler                 0x080001e7   Thumb Code     0  startup_stm32f103xe.o(.text)
    DMA1_Channel6_IRQHandler                 0x080001e7   Thumb Code     0  startup_stm32f103xe.o(.text)
    DMA1_Channel7_IRQHandler                 0x080001e7   Thumb Code     0  startup_stm32f103xe.o(.text)
    DMA2_Channel1_IRQHandler                 0x080001e7   Thumb Code     0  startup_stm32f103xe.o(.text)
    DMA2_Channel2_IRQHandler                 0x080001e7   Thumb Code     0  startup_stm32f103xe.o(.text)
    DMA2_Channel3_IRQHandler                 0x080001e7   Thumb Code     0  startup_stm32f103xe.o(.text)
    DMA2_Channel4_5_IRQHandler               0x080001e7   Thumb Code     0  startup_stm32f103xe.o(.text)
    EXTI0_IRQHandler                         0x080001e7   Thumb Code     0  startup_stm32f103xe.o(.text)
    EXTI15_10_IRQHandler                     0x080001e7   Thumb Code     0  startup_stm32f103xe.o(.text)
    EXTI1_IRQHandler                         0x080001e7   Thumb Code     0  startup_stm32f103xe.o(.text)
    EXTI2_IRQHandler                         0x080001e7   Thumb Code     0  startup_stm32f103xe.o(.text)
    EXTI3_IRQHandler                         0x080001e7   Thumb Code     0  startup_stm32f103xe.o(.text)
    EXTI4_IRQHandler                         0x080001e7   Thumb Code     0  startup_stm32f103xe.o(.text)
    EXTI9_5_IRQHandler                       0x080001e7   Thumb Code     0  startup_stm32f103xe.o(.text)
    FLASH_IRQHandler                         0x080001e7   Thumb Code     0  startup_stm32f103xe.o(.text)
    FSMC_IRQHandler                          0x080001e7   Thumb Code     0  startup_stm32f103xe.o(.text)
    I2C1_ER_IRQHandler                       0x080001e7   Thumb Code     0  startup_stm32f103xe.o(.text)
    I2C1_EV_IRQHandler                       0x080001e7   Thumb Code     0  startup_stm32f103xe.o(.text)
    I2C2_ER_IRQHandler                       0x080001e7   Thumb Code     0  startup_stm32f103xe.o(.text)
    PVD_IRQHandler                           0x080001e7   Thumb Code     0  startup_stm32f103xe.o(.text)
    RCC_IRQHandler                           0x080001e7   Thumb Code     0  startup_stm32f103xe.o(.text)
    RTC_Alarm_IRQHandler                     0x080001e7   Thumb Code     0  startup_stm32f103xe.o(.text)
    RTC_IRQHandler                           0x080001e7   Thumb Code     0  startup_stm32f103xe.o(.text)
    SDIO_IRQHandler                          0x080001e7   Thumb Code     0  startup_stm32f103xe.o(.text)
    SPI1_IRQHandler                          0x080001e7   Thumb Code     0  startup_stm32f103xe.o(.text)
    SPI2_IRQHandler                          0x080001e7   Thumb Code     0  startup_stm32f103xe.o(.text)
    SPI3_IRQHandler                          0x080001e7   Thumb Code     0  startup_stm32f103xe.o(.text)
    TAMPER_IRQHandler                        0x080001e7   Thumb Code     0  startup_stm32f103xe.o(.text)
    TIM1_BRK_IRQHandler                      0x080001e7   Thumb Code     0  startup_stm32f103xe.o(.text)
    TIM1_CC_IRQHandler                       0x080001e7   Thumb Code     0  startup_stm32f103xe.o(.text)
    TIM1_TRG_COM_IRQHandler                  0x080001e7   Thumb Code     0  startup_stm32f103xe.o(.text)
    TIM1_UP_IRQHandler                       0x080001e7   Thumb Code     0  startup_stm32f103xe.o(.text)
    TIM2_IRQHandler                          0x080001e7   Thumb Code     0  startup_stm32f103xe.o(.text)
    TIM3_IRQHandler                          0x080001e7   Thumb Code     0  startup_stm32f103xe.o(.text)
    TIM4_IRQHandler                          0x080001e7   Thumb Code     0  startup_stm32f103xe.o(.text)
    TIM5_IRQHandler                          0x080001e7   Thumb Code     0  startup_stm32f103xe.o(.text)
    TIM6_IRQHandler                          0x080001e7   Thumb Code     0  startup_stm32f103xe.o(.text)
    TIM7_IRQHandler                          0x080001e7   Thumb Code     0  startup_stm32f103xe.o(.text)
    TIM8_BRK_IRQHandler                      0x080001e7   Thumb Code     0  startup_stm32f103xe.o(.text)
    TIM8_CC_IRQHandler                       0x080001e7   Thumb Code     0  startup_stm32f103xe.o(.text)
    TIM8_TRG_COM_IRQHandler                  0x080001e7   Thumb Code     0  startup_stm32f103xe.o(.text)
    TIM8_UP_IRQHandler                       0x080001e7   Thumb Code     0  startup_stm32f103xe.o(.text)
    UART4_IRQHandler                         0x080001e7   Thumb Code     0  startup_stm32f103xe.o(.text)
    UART5_IRQHandler                         0x080001e7   Thumb Code     0  startup_stm32f103xe.o(.text)
    USART1_IRQHandler                        0x080001e7   Thumb Code     0  startup_stm32f103xe.o(.text)
    USART2_IRQHandler                        0x080001e7   Thumb Code     0  startup_stm32f103xe.o(.text)
    USART3_IRQHandler                        0x080001e7   Thumb Code     0  startup_stm32f103xe.o(.text)
    USBWakeUp_IRQHandler                     0x080001e7   Thumb Code     0  startup_stm32f103xe.o(.text)
    USB_HP_CAN1_TX_IRQHandler                0x080001e7   Thumb Code     0  startup_stm32f103xe.o(.text)
    USB_LP_CAN1_RX0_IRQHandler               0x080001e7   Thumb Code     0  startup_stm32f103xe.o(.text)
    WWDG_IRQHandler                          0x080001e7   Thumb Code     0  startup_stm32f103xe.o(.text)
    __user_initial_stackheap                 0x080001e9   Thumb Code     0  startup_stm32f103xe.o(.text)
    __use_no_semihosting                     0x0800020d   Thumb Code     2  use_no_semi_2.o(.text)
    __aeabi_memcpy4                          0x0800020f   Thumb Code     0  rt_memcpy_w.o(.text)
    __aeabi_memcpy8                          0x0800020f   Thumb Code     0  rt_memcpy_w.o(.text)
    __rt_memcpy_w                            0x0800020f   Thumb Code   100  rt_memcpy_w.o(.text)
    _memcpy_lastbytes_aligned                0x08000257   Thumb Code     0  rt_memcpy_w.o(.text)
    __aeabi_memclr4                          0x08000273   Thumb Code     0  rt_memclr_w.o(.text)
    __aeabi_memclr8                          0x08000273   Thumb Code     0  rt_memclr_w.o(.text)
    __rt_memclr_w                            0x08000273   Thumb Code    78  rt_memclr_w.o(.text)
    _memset_w                                0x08000277   Thumb Code     0  rt_memclr_w.o(.text)
    __use_two_region_memory                  0x080002c1   Thumb Code     2  heapauxi.o(.text)
    __rt_heap_escrow$2region                 0x080002c3   Thumb Code     2  heapauxi.o(.text)
    __rt_heap_expand$2region                 0x080002c5   Thumb Code     2  heapauxi.o(.text)
    __I$use$semihosting                      0x080002c7   Thumb Code     0  use_no_semi.o(.text)
    __use_no_semihosting_swi                 0x080002c7   Thumb Code     2  use_no_semi.o(.text)
    __user_setup_stackheap                   0x080002c9   Thumb Code    74  sys_stackheap_outer.o(.text)
    exit                                     0x08000313   Thumb Code    18  exit.o(.text)
    __user_libspace                          0x08000325   Thumb Code     8  libspace.o(.text)
    __user_perproc_libspace                  0x08000325   Thumb Code     0  libspace.o(.text)
    __user_perthread_libspace                0x08000325   Thumb Code     0  libspace.o(.text)
    BusFault_Handler                         0x0800032d   Thumb Code     4  stm32f1xx_it.o(i.BusFault_Handler)
    DebugMon_Handler                         0x08000331   Thumb Code     2  stm32f1xx_it.o(i.DebugMon_Handler)
    Error_Handler                            0x08000333   Thumb Code     6  main.o(i.Error_Handler)
    HAL_DMA_Abort_IT                         0x08000339   Thumb Code   414  stm32f1xx_hal_dma.o(i.HAL_DMA_Abort_IT)
    HAL_DMA_GetState                         0x080004e1   Thumb Code     8  stm32f1xx_hal_dma.o(i.HAL_DMA_GetState)
    HAL_Delay                                0x080004e9   Thumb Code    36  stm32f1xx_hal.o(i.HAL_Delay)
    HAL_GPIO_Init                            0x08000511   Thumb Code   792  stm32f1xx_hal_gpio.o(i.HAL_GPIO_Init)
    HAL_GPIO_ReadPin                         0x08000851   Thumb Code    16  stm32f1xx_hal_gpio.o(i.HAL_GPIO_ReadPin)
    HAL_GPIO_TogglePin                       0x08000861   Thumb Code    20  stm32f1xx_hal_gpio.o(i.HAL_GPIO_TogglePin)
    HAL_GPIO_WritePin                        0x08000875   Thumb Code    12  stm32f1xx_hal_gpio.o(i.HAL_GPIO_WritePin)
    HAL_GetTick                              0x08000881   Thumb Code     6  stm32f1xx_hal.o(i.HAL_GetTick)
    HAL_I2C_AbortCpltCallback                0x0800088d   Thumb Code     2  stm32f1xx_hal_i2c.o(i.HAL_I2C_AbortCpltCallback)
    HAL_I2C_AddrCallback                     0x0800088f   Thumb Code     2  stm32f1xx_hal_i2c.o(i.HAL_I2C_AddrCallback)
    HAL_I2C_EV_IRQHandler                    0x08000891   Thumb Code   474  stm32f1xx_hal_i2c.o(i.HAL_I2C_EV_IRQHandler)
    HAL_I2C_ErrorCallback                    0x08000a6b   Thumb Code     2  stm32f1xx_hal_i2c.o(i.HAL_I2C_ErrorCallback)
    HAL_I2C_Init                             0x08000a6d   Thumb Code   446  stm32f1xx_hal_i2c.o(i.HAL_I2C_Init)
    HAL_I2C_ListenCpltCallback               0x08000c3d   Thumb Code     2  stm32f1xx_hal_i2c.o(i.HAL_I2C_ListenCpltCallback)
    HAL_I2C_MasterRxCpltCallback             0x08000c3f   Thumb Code     2  stm32f1xx_hal_i2c.o(i.HAL_I2C_MasterRxCpltCallback)
    HAL_I2C_MasterTxCpltCallback             0x08000c41   Thumb Code     2  stm32f1xx_hal_i2c.o(i.HAL_I2C_MasterTxCpltCallback)
    HAL_I2C_MemRxCpltCallback                0x08000c43   Thumb Code     2  stm32f1xx_hal_i2c.o(i.HAL_I2C_MemRxCpltCallback)
    HAL_I2C_MemTxCpltCallback                0x08000c45   Thumb Code   226  oled.o(i.HAL_I2C_MemTxCpltCallback)
    HAL_I2C_Mem_Read                         0x08000d3d   Thumb Code   850  stm32f1xx_hal_i2c.o(i.HAL_I2C_Mem_Read)
    HAL_I2C_Mem_Write                        0x080010a1   Thumb Code   348  stm32f1xx_hal_i2c.o(i.HAL_I2C_Mem_Write)
    HAL_I2C_Mem_Write_IT                     0x08001205   Thumb Code   248  stm32f1xx_hal_i2c.o(i.HAL_I2C_Mem_Write_IT)
    HAL_I2C_MspInit                          0x08001305   Thumb Code   206  i2c.o(i.HAL_I2C_MspInit)
    HAL_I2C_SlaveRxCpltCallback              0x080013e5   Thumb Code     2  stm32f1xx_hal_i2c.o(i.HAL_I2C_SlaveRxCpltCallback)
    HAL_I2C_SlaveTxCpltCallback              0x080013e7   Thumb Code     2  stm32f1xx_hal_i2c.o(i.HAL_I2C_SlaveTxCpltCallback)
    HAL_IncTick                              0x080013e9   Thumb Code    16  stm32f1xx_hal.o(i.HAL_IncTick)
    HAL_Init                                 0x08001401   Thumb Code    34  stm32f1xx_hal.o(i.HAL_Init)
    HAL_InitTick                             0x08001429   Thumb Code    64  stm32f1xx_hal.o(i.HAL_InitTick)
    HAL_MspInit                              0x08001475   Thumb Code    76  stm32f1xx_hal_msp.o(i.HAL_MspInit)
    HAL_NVIC_EnableIRQ                       0x080014c9   Thumb Code    32  stm32f1xx_hal_cortex.o(i.HAL_NVIC_EnableIRQ)
    HAL_NVIC_SetPriority                     0x080014e9   Thumb Code   124  stm32f1xx_hal_cortex.o(i.HAL_NVIC_SetPriority)
    HAL_NVIC_SetPriorityGrouping             0x08001565   Thumb Code    32  stm32f1xx_hal_cortex.o(i.HAL_NVIC_SetPriorityGrouping)
    HAL_RCC_ClockConfig                      0x0800158d   Thumb Code   376  stm32f1xx_hal_rcc.o(i.HAL_RCC_ClockConfig)
    HAL_RCC_GetHCLKFreq                      0x08001719   Thumb Code     6  stm32f1xx_hal_rcc.o(i.HAL_RCC_GetHCLKFreq)
    HAL_RCC_GetPCLK1Freq                     0x08001725   Thumb Code    22  stm32f1xx_hal_rcc.o(i.HAL_RCC_GetPCLK1Freq)
    HAL_RCC_GetPCLK2Freq                     0x08001745   Thumb Code    22  stm32f1xx_hal_rcc.o(i.HAL_RCC_GetPCLK2Freq)
    HAL_RCC_GetSysClockFreq                  0x08001765   Thumb Code   116  stm32f1xx_hal_rcc.o(i.HAL_RCC_GetSysClockFreq)
    HAL_RCC_OscConfig                        0x080017f9   Thumb Code  1114  stm32f1xx_hal_rcc.o(i.HAL_RCC_OscConfig)
    HAL_SYSTICK_Config                       0x08001c5d   Thumb Code    52  stm32f1xx_hal_cortex.o(i.HAL_SYSTICK_Config)
    HAL_UART_Init                            0x08001c91   Thumb Code   114  stm32f1xx_hal_uart.o(i.HAL_UART_Init)
    HAL_UART_MspInit                         0x08001d05   Thumb Code   122  usart.o(i.HAL_UART_MspInit)
    HardFault_Handler                        0x08001d8d   Thumb Code     4  stm32f1xx_it.o(i.HardFault_Handler)
    I2C2_EV_IRQHandler                       0x08001d91   Thumb Code    10  stm32f1xx_it.o(i.I2C2_EV_IRQHandler)
    MX_GPIO_Init                             0x08002ff5   Thumb Code   150  gpio.o(i.MX_GPIO_Init)
    MX_I2C1_Init                             0x08003099   Thumb Code    48  i2c.o(i.MX_I2C1_Init)
    MX_I2C2_Init                             0x080030d5   Thumb Code    48  i2c.o(i.MX_I2C2_Init)
    MX_USART1_UART_Init                      0x08003111   Thumb Code    46  usart.o(i.MX_USART1_UART_Init)
    MemManage_Handler                        0x08003149   Thumb Code     4  stm32f1xx_it.o(i.MemManage_Handler)
    NMI_Handler                              0x0800314d   Thumb Code     4  stm32f1xx_it.o(i.NMI_Handler)
    OLED_Clear                               0x08003151   Thumb Code    44  oled.o(i.OLED_Clear)
    OLED_Init                                0x0800317d   Thumb Code   458  oled.o(i.OLED_Init)
    OLED_Set_Pos                             0x080033c1   Thumb Code    10  oled.o(i.OLED_Set_Pos)
    OLED_ShowString                          0x080033d5   Thumb Code    90  oled.o(i.OLED_ShowString)
    OLED_WR_Byte                             0x08003435   Thumb Code    68  oled.o(i.OLED_WR_Byte)
    OLED_drawChart                           0x08003489   Thumb Code   276  oled.o(i.OLED_drawChart)
    OLED_showHeart                           0x080035b1   Thumb Code   186  oled.o(i.OLED_showHeart)
    OLED_showNum                             0x08003671   Thumb Code   272  oled.o(i.OLED_showNum)
    PendSV_Handler                           0x08003789   Thumb Code     2  stm32f1xx_it.o(i.PendSV_Handler)
    SVC_Handler                              0x080037b5   Thumb Code     2  stm32f1xx_it.o(i.SVC_Handler)
    SysTick_Handler                          0x080037b7   Thumb Code     8  stm32f1xx_it.o(i.SysTick_Handler)
    SystemClock_Config                       0x080037bf   Thumb Code   102  main.o(i.SystemClock_Config)
    SystemInit                               0x08003825   Thumb Code     2  system_stm32f1xx.o(i.SystemInit)
    UsageFault_Handler                       0x08003925   Thumb Code     4  stm32f1xx_it.o(i.UsageFault_Handler)
    _sys_exit                                0x08003961   Thumb Code     4  usart.o(i._sys_exit)
    buffInsert                               0x08003965   Thumb Code    52  max30102.o(i.buffInsert)
    calAcDc                                  0x0800399d   Thumb Code   188  max30102.o(i.calAcDc)
    filter                                   0x08003a5d   Thumb Code    54  max30102.o(i.filter)
    main                                     0x08003a99   Thumb Code   328  main.o(i.main)
    max                                      0x08003be9   Thumb Code    14  oled.o(i.max)
    max30102_cal                             0x08003bf9   Thumb Code   458  max30102.o(i.max30102_cal)
    max30102_getDiff                         0x08003e15   Thumb Code     8  max30102.o(i.max30102_getDiff)
    max30102_getFIFO                         0x08003e21   Thumb Code   172  max30102.o(i.max30102_getFIFO)
    max30102_getHeartRate                    0x08003ed1   Thumb Code     6  max30102.o(i.max30102_getHeartRate)
    max30102_getSpO2                         0x08003edd   Thumb Code     6  max30102.o(i.max30102_getSpO2)
    max30102_getStatus                       0x08003ee9   Thumb Code    72  max30102.o(i.max30102_getStatus)
    max30102_getUnreadSampleCount            0x08003f35   Thumb Code   102  max30102.o(i.max30102_getUnreadSampleCount)
    max30102_init                            0x08003fa1   Thumb Code   314  max30102.o(i.max30102_init)
    min                                      0x080040e1   Thumb Code    14  oled.o(i.min)
    __aeabi_dadd                             0x080040f1   Thumb Code     0  daddsub_clz.o(x$fpl$dadd)
    _dadd                                    0x080040f1   Thumb Code   332  daddsub_clz.o(x$fpl$dadd)
    __fpl_dcmp_Inf                           0x08004241   Thumb Code    24  dcmpi.o(x$fpl$dcmpinf)
    __aeabi_ddiv                             0x08004259   Thumb Code     0  ddiv.o(x$fpl$ddiv)
    _ddiv                                    0x08004259   Thumb Code   552  ddiv.o(x$fpl$ddiv)
    __aeabi_d2uiz                            0x08004509   Thumb Code     0  dfixu.o(x$fpl$dfixu)
    _dfixu                                   0x08004509   Thumb Code    90  dfixu.o(x$fpl$dfixu)
    __aeabi_cdcmple                          0x08004565   Thumb Code     0  dleqf.o(x$fpl$dleqf)
    _dcmple                                  0x08004565   Thumb Code   120  dleqf.o(x$fpl$dleqf)
    __fpl_dcmple_InfNaN                      0x080045c7   Thumb Code     0  dleqf.o(x$fpl$dleqf)
    __aeabi_dmul                             0x080045dd   Thumb Code     0  dmul.o(x$fpl$dmul)
    _dmul                                    0x080045dd   Thumb Code   332  dmul.o(x$fpl$dmul)
    __fpl_dnaninf                            0x08004731   Thumb Code   156  dnaninf.o(x$fpl$dnaninf)
    __fpl_dretinf                            0x080047cd   Thumb Code    12  dretinf.o(x$fpl$dretinf)
    __aeabi_cdrcmple                         0x080047d9   Thumb Code     0  drleqf.o(x$fpl$drleqf)
    _drcmple                                 0x080047d9   Thumb Code   108  drleqf.o(x$fpl$drleqf)
    __aeabi_drsub                            0x08004845   Thumb Code     0  daddsub_clz.o(x$fpl$drsb)
    _drsb                                    0x08004845   Thumb Code    22  daddsub_clz.o(x$fpl$drsb)
    __aeabi_dsub                             0x0800485d   Thumb Code     0  daddsub_clz.o(x$fpl$dsub)
    _dsub                                    0x0800485d   Thumb Code   464  daddsub_clz.o(x$fpl$dsub)
    __aeabi_f2d                              0x08004a31   Thumb Code     0  f2d.o(x$fpl$f2d)
    _f2d                                     0x08004a31   Thumb Code    86  f2d.o(x$fpl$f2d)
    __aeabi_fadd                             0x08004a89   Thumb Code     0  faddsub_clz.o(x$fpl$fadd)
    _fadd                                    0x08004a89   Thumb Code   196  faddsub_clz.o(x$fpl$fadd)
    __fpl_fcmp_Inf                           0x08004b4d   Thumb Code    24  fcmpi.o(x$fpl$fcmpinf)
    __aeabi_fdiv                             0x08004b65   Thumb Code     0  fdiv.o(x$fpl$fdiv)
    _fdiv                                    0x08004b65   Thumb Code   384  fdiv.o(x$fpl$fdiv)
    __aeabi_f2uiz                            0x08004ce9   Thumb Code     0  ffixu.o(x$fpl$ffixu)
    _ffixu                                   0x08004ce9   Thumb Code    62  ffixu.o(x$fpl$ffixu)
    __aeabi_i2f                              0x08004d29   Thumb Code     0  fflt_clz.o(x$fpl$fflt)
    _fflt                                    0x08004d29   Thumb Code    48  fflt_clz.o(x$fpl$fflt)
    __aeabi_ui2f                             0x08004d59   Thumb Code     0  fflt_clz.o(x$fpl$ffltu)
    _ffltu                                   0x08004d59   Thumb Code    38  fflt_clz.o(x$fpl$ffltu)
    __aeabi_cfcmple                          0x08004d81   Thumb Code     0  fleqf.o(x$fpl$fleqf)
    _fcmple                                  0x08004d81   Thumb Code   104  fleqf.o(x$fpl$fleqf)
    __fpl_fcmple_InfNaN                      0x08004dd3   Thumb Code     0  fleqf.o(x$fpl$fleqf)
    __aeabi_fmul                             0x08004de9   Thumb Code     0  fmul.o(x$fpl$fmul)
    _fmul                                    0x08004de9   Thumb Code   258  fmul.o(x$fpl$fmul)
    __fpl_fnaninf                            0x08004eeb   Thumb Code   140  fnaninf.o(x$fpl$fnaninf)
    __fpl_fretinf                            0x08004f77   Thumb Code    10  fretinf.o(x$fpl$fretinf)
    __aeabi_frsub                            0x08004f81   Thumb Code     0  faddsub_clz.o(x$fpl$frsb)
    _frsb                                    0x08004f81   Thumb Code    20  faddsub_clz.o(x$fpl$frsb)
    __aeabi_fsub                             0x08004f95   Thumb Code     0  faddsub_clz.o(x$fpl$fsub)
    _fsub                                    0x08004f95   Thumb Code   234  faddsub_clz.o(x$fpl$fsub)
    F6x8                                     0x0800507e   Data         552  oled.o(.constdata)
    __I$use$fp                               0x0800507e   Number         0  usenofp.o(x$fpl$usenofp)
    heart                                    0x080052a6   Data          63  oled.o(.constdata)
    oled_nums                                0x080052e5   Data          11  oled.o(.constdata)
    oled_nums_pos                            0x080052f0   Data           6  oled.o(.constdata)
    AHBPrescTable                            0x080052f6   Data          16  system_stm32f1xx.o(.constdata)
    APBPrescTable                            0x08005306   Data           8  system_stm32f1xx.o(.constdata)
    Region$$Table$$Base                      0x08005310   Number         0  anon$$obj.o(Region$$Table)
    Region$$Table$$Limit                     0x08005330   Number         0  anon$$obj.o(Region$$Table)
    heartRate                                0x20000000   Data           1  max30102.o(.data)
    spo2                                     0x20000001   Data           1  max30102.o(.data)
    redAC                                    0x20000002   Data           2  max30102.o(.data)
    redDC                                    0x20000004   Data           4  max30102.o(.data)
    iRedAC                                   0x20000008   Data           2  max30102.o(.data)
    iRedDC                                   0x2000000c   Data           4  max30102.o(.data)
    eachSampleDiff                           0x20000010   Data           2  max30102.o(.data)
    point_x                                  0x20000018   Data           1  oled.o(.data)
    point_y                                  0x20000019   Data           1  oled.o(.data)
    whatToDo                                 0x2000001a   Data           1  oled.o(.data)
    pos_x_this                               0x2000001b   Data           1  oled.o(.data)
    pos_y_old                                0x2000001c   Data           1  oled.o(.data)
    uwTick                                   0x20000020   Data           4  stm32f1xx_hal.o(.data)
    uwTickPrio                               0x20000024   Data           4  stm32f1xx_hal.o(.data)
    uwTickFreq                               0x20000028   Data           1  stm32f1xx_hal.o(.data)
    SystemCoreClock                          0x2000002c   Data           4  system_stm32f1xx.o(.data)
    sampleBuff                               0x20000030   Data         400  max30102.o(.bss)
    oled_cache                               0x200001ca   Data        1024  oled.o(.bss)
    hi2c1                                    0x200005cc   Data          84  i2c.o(.bss)
    hi2c2                                    0x20000620   Data          84  i2c.o(.bss)
    huart1                                   0x20000674   Data          68  usart.o(.bss)
    __libspace_start                         0x200006b8   Data          96  libspace.o(.bss)
    __temporary_stack_top$libspace           0x20000718   Data           0  libspace.o(.bss)



==============================================================================

Memory Map of the image

  Image Entry point : 0x08000131

  Load Region LR_IROM1 (Base: 0x08000000, Size: 0x00005360, Max: 0x00080000, ABSOLUTE)

    Execution Region ER_IROM1 (Exec base: 0x08000000, Load base: 0x08000000, Size: 0x00005330, Max: 0x00080000, ABSOLUTE)

    Exec Addr    Load Addr    Size         Type   Attr      Idx    E Section Name        Object

    0x08000000   0x08000000   0x00000130   Data   RO            3    RESET               startup_stm32f103xe.o
    0x08000130   0x08000130   0x00000008   Code   RO         2564  * !!!main             c_w.l(__main.o)
    0x08000138   0x08000138   0x00000034   Code   RO         2780    !!!scatter          c_w.l(__scatter.o)
    0x0800016c   0x0800016c   0x0000001a   Code   RO         2782    !!handler_copy      c_w.l(__scatter_copy.o)
    0x08000186   0x08000186   0x00000002   PAD
    0x08000188   0x08000188   0x0000001c   Code   RO         2784    !!handler_zi        c_w.l(__scatter_zi.o)
    0x080001a4   0x080001a4   0x00000002   Code   RO         2652    .ARM.Collect$$libinit$$00000000  c_w.l(libinit.o)
    0x080001a6   0x080001a6   0x00000000   Code   RO         2659    .ARM.Collect$$libinit$$00000002  c_w.l(libinit2.o)
    0x080001a6   0x080001a6   0x00000000   Code   RO         2661    .ARM.Collect$$libinit$$00000004  c_w.l(libinit2.o)
    0x080001a6   0x080001a6   0x00000000   Code   RO         2664    .ARM.Collect$$libinit$$0000000A  c_w.l(libinit2.o)
    0x080001a6   0x080001a6   0x00000000   Code   RO         2666    .ARM.Collect$$libinit$$0000000C  c_w.l(libinit2.o)
    0x080001a6   0x080001a6   0x00000000   Code   RO         2668    .ARM.Collect$$libinit$$0000000E  c_w.l(libinit2.o)
    0x080001a6   0x080001a6   0x00000000   Code   RO         2671    .ARM.Collect$$libinit$$00000011  c_w.l(libinit2.o)
    0x080001a6   0x080001a6   0x00000000   Code   RO         2673    .ARM.Collect$$libinit$$00000013  c_w.l(libinit2.o)
    0x080001a6   0x080001a6   0x00000000   Code   RO         2675    .ARM.Collect$$libinit$$00000015  c_w.l(libinit2.o)
    0x080001a6   0x080001a6   0x00000000   Code   RO         2677    .ARM.Collect$$libinit$$00000017  c_w.l(libinit2.o)
    0x080001a6   0x080001a6   0x00000000   Code   RO         2679    .ARM.Collect$$libinit$$00000019  c_w.l(libinit2.o)
    0x080001a6   0x080001a6   0x00000000   Code   RO         2681    .ARM.Collect$$libinit$$0000001B  c_w.l(libinit2.o)
    0x080001a6   0x080001a6   0x00000000   Code   RO         2683    .ARM.Collect$$libinit$$0000001D  c_w.l(libinit2.o)
    0x080001a6   0x080001a6   0x00000000   Code   RO         2685    .ARM.Collect$$libinit$$0000001F  c_w.l(libinit2.o)
    0x080001a6   0x080001a6   0x00000000   Code   RO         2687    .ARM.Collect$$libinit$$00000021  c_w.l(libinit2.o)
    0x080001a6   0x080001a6   0x00000000   Code   RO         2689    .ARM.Collect$$libinit$$00000023  c_w.l(libinit2.o)
    0x080001a6   0x080001a6   0x00000000   Code   RO         2691    .ARM.Collect$$libinit$$00000025  c_w.l(libinit2.o)
    0x080001a6   0x080001a6   0x00000000   Code   RO         2695    .ARM.Collect$$libinit$$0000002C  c_w.l(libinit2.o)
    0x080001a6   0x080001a6   0x00000000   Code   RO         2697    .ARM.Collect$$libinit$$0000002E  c_w.l(libinit2.o)
    0x080001a6   0x080001a6   0x00000000   Code   RO         2699    .ARM.Collect$$libinit$$00000030  c_w.l(libinit2.o)
    0x080001a6   0x080001a6   0x00000000   Code   RO         2701    .ARM.Collect$$libinit$$00000032  c_w.l(libinit2.o)
    0x080001a6   0x080001a6   0x00000002   Code   RO         2702    .ARM.Collect$$libinit$$00000033  c_w.l(libinit2.o)
    0x080001a8   0x080001a8   0x00000002   Code   RO         2720    .ARM.Collect$$libshutdown$$00000000  c_w.l(libshutdown.o)
    0x080001aa   0x080001aa   0x00000000   Code   RO         2730    .ARM.Collect$$libshutdown$$00000002  c_w.l(libshutdown2.o)
    0x080001aa   0x080001aa   0x00000000   Code   RO         2732    .ARM.Collect$$libshutdown$$00000004  c_w.l(libshutdown2.o)
    0x080001aa   0x080001aa   0x00000000   Code   RO         2734    .ARM.Collect$$libshutdown$$00000006  c_w.l(libshutdown2.o)
    0x080001aa   0x080001aa   0x00000000   Code   RO         2737    .ARM.Collect$$libshutdown$$00000009  c_w.l(libshutdown2.o)
    0x080001aa   0x080001aa   0x00000000   Code   RO         2740    .ARM.Collect$$libshutdown$$0000000C  c_w.l(libshutdown2.o)
    0x080001aa   0x080001aa   0x00000000   Code   RO         2742    .ARM.Collect$$libshutdown$$0000000E  c_w.l(libshutdown2.o)
    0x080001aa   0x080001aa   0x00000000   Code   RO         2745    .ARM.Collect$$libshutdown$$00000011  c_w.l(libshutdown2.o)
    0x080001aa   0x080001aa   0x00000002   Code   RO         2746    .ARM.Collect$$libshutdown$$00000012  c_w.l(libshutdown2.o)
    0x080001ac   0x080001ac   0x00000000   Code   RO         2614    .ARM.Collect$$rtentry$$00000000  c_w.l(__rtentry.o)
    0x080001ac   0x080001ac   0x00000000   Code   RO         2629    .ARM.Collect$$rtentry$$00000002  c_w.l(__rtentry2.o)
    0x080001ac   0x080001ac   0x00000006   Code   RO         2641    .ARM.Collect$$rtentry$$00000004  c_w.l(__rtentry4.o)
    0x080001b2   0x080001b2   0x00000000   Code   RO         2631    .ARM.Collect$$rtentry$$00000009  c_w.l(__rtentry2.o)
    0x080001b2   0x080001b2   0x00000004   Code   RO         2632    .ARM.Collect$$rtentry$$0000000A  c_w.l(__rtentry2.o)
    0x080001b6   0x080001b6   0x00000000   Code   RO         2634    .ARM.Collect$$rtentry$$0000000C  c_w.l(__rtentry2.o)
    0x080001b6   0x080001b6   0x00000008   Code   RO         2635    .ARM.Collect$$rtentry$$0000000D  c_w.l(__rtentry2.o)
    0x080001be   0x080001be   0x00000002   Code   RO         2656    .ARM.Collect$$rtexit$$00000000  c_w.l(rtexit.o)
    0x080001c0   0x080001c0   0x00000000   Code   RO         2704    .ARM.Collect$$rtexit$$00000002  c_w.l(rtexit2.o)
    0x080001c0   0x080001c0   0x00000004   Code   RO         2705    .ARM.Collect$$rtexit$$00000003  c_w.l(rtexit2.o)
    0x080001c4   0x080001c4   0x00000006   Code   RO         2706    .ARM.Collect$$rtexit$$00000004  c_w.l(rtexit2.o)
    0x080001ca   0x080001ca   0x00000002   PAD
    0x080001cc   0x080001cc   0x00000040   Code   RO            4    .text               startup_stm32f103xe.o
    0x0800020c   0x0800020c   0x00000002   Code   RO         2554    .text               c_w.l(use_no_semi_2.o)
    0x0800020e   0x0800020e   0x00000064   Code   RO         2558    .text               c_w.l(rt_memcpy_w.o)
    0x08000272   0x08000272   0x0000004e   Code   RO         2560    .text               c_w.l(rt_memclr_w.o)
    0x080002c0   0x080002c0   0x00000006   Code   RO         2562    .text               c_w.l(heapauxi.o)
    0x080002c6   0x080002c6   0x00000002   Code   RO         2612    .text               c_w.l(use_no_semi.o)
    0x080002c8   0x080002c8   0x0000004a   Code   RO         2643    .text               c_w.l(sys_stackheap_outer.o)
    0x08000312   0x08000312   0x00000012   Code   RO         2645    .text               c_w.l(exit.o)
    0x08000324   0x08000324   0x00000008   Code   RO         2653    .text               c_w.l(libspace.o)
    0x0800032c   0x0800032c   0x00000004   Code   RO          491    i.BusFault_Handler  stm32f1xx_it.o
    0x08000330   0x08000330   0x00000002   Code   RO          492    i.DebugMon_Handler  stm32f1xx_it.o
    0x08000332   0x08000332   0x00000006   Code   RO          301    i.Error_Handler     main.o
    0x08000338   0x08000338   0x000001a8   Code   RO         1494    i.HAL_DMA_Abort_IT  stm32f1xx_hal_dma.o
    0x080004e0   0x080004e0   0x00000008   Code   RO         1497    i.HAL_DMA_GetState  stm32f1xx_hal_dma.o
    0x080004e8   0x080004e8   0x00000028   Code   RO         1116    i.HAL_Delay         stm32f1xx_hal.o
    0x08000510   0x08000510   0x00000340   Code   RO         1429    i.HAL_GPIO_Init     stm32f1xx_hal_gpio.o
    0x08000850   0x08000850   0x00000010   Code   RO         1431    i.HAL_GPIO_ReadPin  stm32f1xx_hal_gpio.o
    0x08000860   0x08000860   0x00000014   Code   RO         1432    i.HAL_GPIO_TogglePin  stm32f1xx_hal_gpio.o
    0x08000874   0x08000874   0x0000000c   Code   RO         1433    i.HAL_GPIO_WritePin  stm32f1xx_hal_gpio.o
    0x08000880   0x08000880   0x0000000c   Code   RO         1120    i.HAL_GetTick       stm32f1xx_hal.o
    0x0800088c   0x0800088c   0x00000002   Code   RO          637    i.HAL_I2C_AbortCpltCallback  stm32f1xx_hal_i2c.o
    0x0800088e   0x0800088e   0x00000002   Code   RO          638    i.HAL_I2C_AddrCallback  stm32f1xx_hal_i2c.o
    0x08000890   0x08000890   0x000001da   Code   RO          642    i.HAL_I2C_EV_IRQHandler  stm32f1xx_hal_i2c.o
    0x08000a6a   0x08000a6a   0x00000002   Code   RO          644    i.HAL_I2C_ErrorCallback  stm32f1xx_hal_i2c.o
    0x08000a6c   0x08000a6c   0x000001d0   Code   RO          648    i.HAL_I2C_Init      stm32f1xx_hal_i2c.o
    0x08000c3c   0x08000c3c   0x00000002   Code   RO          650    i.HAL_I2C_ListenCpltCallback  stm32f1xx_hal_i2c.o
    0x08000c3e   0x08000c3e   0x00000002   Code   RO          651    i.HAL_I2C_MasterRxCpltCallback  stm32f1xx_hal_i2c.o
    0x08000c40   0x08000c40   0x00000002   Code   RO          652    i.HAL_I2C_MasterTxCpltCallback  stm32f1xx_hal_i2c.o
    0x08000c42   0x08000c42   0x00000002   Code   RO          664    i.HAL_I2C_MemRxCpltCallback  stm32f1xx_hal_i2c.o
    0x08000c44   0x08000c44   0x000000f8   Code   RO          199    i.HAL_I2C_MemTxCpltCallback  oled.o
    0x08000d3c   0x08000d3c   0x00000364   Code   RO          666    i.HAL_I2C_Mem_Read  stm32f1xx_hal_i2c.o
    0x080010a0   0x080010a0   0x00000164   Code   RO          669    i.HAL_I2C_Mem_Write  stm32f1xx_hal_i2c.o
    0x08001204   0x08001204   0x00000100   Code   RO          671    i.HAL_I2C_Mem_Write_IT  stm32f1xx_hal_i2c.o
    0x08001304   0x08001304   0x000000e0   Code   RO          379    i.HAL_I2C_MspInit   i2c.o
    0x080013e4   0x080013e4   0x00000002   Code   RO          674    i.HAL_I2C_SlaveRxCpltCallback  stm32f1xx_hal_i2c.o
    0x080013e6   0x080013e6   0x00000002   Code   RO          675    i.HAL_I2C_SlaveTxCpltCallback  stm32f1xx_hal_i2c.o
    0x080013e8   0x080013e8   0x00000018   Code   RO         1126    i.HAL_IncTick       stm32f1xx_hal.o
    0x08001400   0x08001400   0x00000028   Code   RO         1127    i.HAL_Init          stm32f1xx_hal.o
    0x08001428   0x08001428   0x0000004c   Code   RO         1128    i.HAL_InitTick      stm32f1xx_hal.o
    0x08001474   0x08001474   0x00000054   Code   RO          577    i.HAL_MspInit       stm32f1xx_hal_msp.o
    0x080014c8   0x080014c8   0x00000020   Code   RO         1589    i.HAL_NVIC_EnableIRQ  stm32f1xx_hal_cortex.o
    0x080014e8   0x080014e8   0x0000007c   Code   RO         1595    i.HAL_NVIC_SetPriority  stm32f1xx_hal_cortex.o
    0x08001564   0x08001564   0x00000028   Code   RO         1596    i.HAL_NVIC_SetPriorityGrouping  stm32f1xx_hal_cortex.o
    0x0800158c   0x0800158c   0x0000018c   Code   RO         1284    i.HAL_RCC_ClockConfig  stm32f1xx_hal_rcc.o
    0x08001718   0x08001718   0x0000000c   Code   RO         1289    i.HAL_RCC_GetHCLKFreq  stm32f1xx_hal_rcc.o
    0x08001724   0x08001724   0x00000020   Code   RO         1291    i.HAL_RCC_GetPCLK1Freq  stm32f1xx_hal_rcc.o
    0x08001744   0x08001744   0x00000020   Code   RO         1292    i.HAL_RCC_GetPCLK2Freq  stm32f1xx_hal_rcc.o
    0x08001764   0x08001764   0x00000094   Code   RO         1293    i.HAL_RCC_GetSysClockFreq  stm32f1xx_hal_rcc.o
    0x080017f8   0x080017f8   0x00000464   Code   RO         1296    i.HAL_RCC_OscConfig  stm32f1xx_hal_rcc.o
    0x08001c5c   0x08001c5c   0x00000034   Code   RO         1600    i.HAL_SYSTICK_Config  stm32f1xx_hal_cortex.o
    0x08001c90   0x08001c90   0x00000072   Code   RO         2180    i.HAL_UART_Init     stm32f1xx_hal_uart.o
    0x08001d02   0x08001d02   0x00000002   PAD
    0x08001d04   0x08001d04   0x00000088   Code   RO          427    i.HAL_UART_MspInit  usart.o
    0x08001d8c   0x08001d8c   0x00000004   Code   RO          493    i.HardFault_Handler  stm32f1xx_it.o
    0x08001d90   0x08001d90   0x00000010   Code   RO          494    i.I2C2_EV_IRQHandler  stm32f1xx_it.o
    0x08001da0   0x08001da0   0x0000001c   Code   RO          686    i.I2C_ConvertOtherXferOptions  stm32f1xx_hal_i2c.o
    0x08001dbc   0x08001dbc   0x000000f8   Code   RO          687    i.I2C_DMAAbort      stm32f1xx_hal_i2c.o
    0x08001eb4   0x08001eb4   0x000001ac   Code   RO          690    i.I2C_ITError       stm32f1xx_hal_i2c.o
    0x08002060   0x08002060   0x0000003e   Code   RO          691    i.I2C_IsAcknowledgeFailed  stm32f1xx_hal_i2c.o
    0x0800209e   0x0800209e   0x00000126   Code   RO          692    i.I2C_MasterReceive_BTF  stm32f1xx_hal_i2c.o
    0x080021c4   0x080021c4   0x000000e2   Code   RO          693    i.I2C_MasterReceive_RXNE  stm32f1xx_hal_i2c.o
    0x080022a6   0x080022a6   0x000000a0   Code   RO          696    i.I2C_MasterTransmit_BTF  stm32f1xx_hal_i2c.o
    0x08002346   0x08002346   0x000000d8   Code   RO          697    i.I2C_MasterTransmit_TXE  stm32f1xx_hal_i2c.o
    0x0800241e   0x0800241e   0x0000002a   Code   RO          698    i.I2C_Master_ADD10  stm32f1xx_hal_i2c.o
    0x08002448   0x08002448   0x00000280   Code   RO          699    i.I2C_Master_ADDR   stm32f1xx_hal_i2c.o
    0x080026c8   0x080026c8   0x0000009e   Code   RO          700    i.I2C_Master_SB     stm32f1xx_hal_i2c.o
    0x08002766   0x08002766   0x000000be   Code   RO          701    i.I2C_MemoryTransmit_TXE_BTF  stm32f1xx_hal_i2c.o
    0x08002824   0x08002824   0x00000160   Code   RO          702    i.I2C_RequestMemoryRead  stm32f1xx_hal_i2c.o
    0x08002984   0x08002984   0x000000e0   Code   RO          703    i.I2C_RequestMemoryWrite  stm32f1xx_hal_i2c.o
    0x08002a64   0x08002a64   0x0000001a   Code   RO          704    i.I2C_SlaveReceive_BTF  stm32f1xx_hal_i2c.o
    0x08002a7e   0x08002a7e   0x00000046   Code   RO          705    i.I2C_SlaveReceive_RXNE  stm32f1xx_hal_i2c.o
    0x08002ac4   0x08002ac4   0x0000001a   Code   RO          706    i.I2C_SlaveTransmit_BTF  stm32f1xx_hal_i2c.o
    0x08002ade   0x08002ade   0x00000046   Code   RO          707    i.I2C_SlaveTransmit_TXE  stm32f1xx_hal_i2c.o
    0x08002b24   0x08002b24   0x00000070   Code   RO          708    i.I2C_Slave_ADDR    stm32f1xx_hal_i2c.o
    0x08002b94   0x08002b94   0x0000018c   Code   RO          710    i.I2C_Slave_STOPF   stm32f1xx_hal_i2c.o
    0x08002d20   0x08002d20   0x0000005c   Code   RO          711    i.I2C_WaitOnBTFFlagUntilTimeout  stm32f1xx_hal_i2c.o
    0x08002d7c   0x08002d7c   0x00000086   Code   RO          712    i.I2C_WaitOnFlagUntilTimeout  stm32f1xx_hal_i2c.o
    0x08002e02   0x08002e02   0x000000c4   Code   RO          713    i.I2C_WaitOnMasterAddressFlagUntilTimeout  stm32f1xx_hal_i2c.o
    0x08002ec6   0x08002ec6   0x00000080   Code   RO          714    i.I2C_WaitOnRXNEFlagUntilTimeout  stm32f1xx_hal_i2c.o
    0x08002f46   0x08002f46   0x00000002   PAD
    0x08002f48   0x08002f48   0x00000050   Code   RO          716    i.I2C_WaitOnSTOPRequestThroughIT  stm32f1xx_hal_i2c.o
    0x08002f98   0x08002f98   0x0000005c   Code   RO          717    i.I2C_WaitOnTXEFlagUntilTimeout  stm32f1xx_hal_i2c.o
    0x08002ff4   0x08002ff4   0x000000a4   Code   RO          354    i.MX_GPIO_Init      gpio.o
    0x08003098   0x08003098   0x0000003c   Code   RO          380    i.MX_I2C1_Init      i2c.o
    0x080030d4   0x080030d4   0x0000003c   Code   RO          381    i.MX_I2C2_Init      i2c.o
    0x08003110   0x08003110   0x00000038   Code   RO          428    i.MX_USART1_UART_Init  usart.o
    0x08003148   0x08003148   0x00000004   Code   RO          495    i.MemManage_Handler  stm32f1xx_it.o
    0x0800314c   0x0800314c   0x00000004   Code   RO          496    i.NMI_Handler       stm32f1xx_it.o
    0x08003150   0x08003150   0x0000002c   Code   RO          200    i.OLED_Clear        oled.o
    0x0800317c   0x0800317c   0x00000244   Code   RO          202    i.OLED_Init         oled.o
    0x080033c0   0x080033c0   0x00000014   Code   RO          203    i.OLED_Set_Pos      oled.o
    0x080033d4   0x080033d4   0x00000060   Code   RO          204    i.OLED_ShowString   oled.o
    0x08003434   0x08003434   0x00000054   Code   RO          205    i.OLED_WR_Byte      oled.o
    0x08003488   0x08003488   0x00000128   Code   RO          206    i.OLED_drawChart    oled.o
    0x080035b0   0x080035b0   0x000000c0   Code   RO          207    i.OLED_showHeart    oled.o
    0x08003670   0x08003670   0x00000118   Code   RO          208    i.OLED_showNum      oled.o
    0x08003788   0x08003788   0x00000002   Code   RO          497    i.PendSV_Handler    stm32f1xx_it.o
    0x0800378a   0x0800378a   0x00000002   PAD
    0x0800378c   0x0800378c   0x00000028   Code   RO         1297    i.RCC_Delay         stm32f1xx_hal_rcc.o
    0x080037b4   0x080037b4   0x00000002   Code   RO          498    i.SVC_Handler       stm32f1xx_it.o
    0x080037b6   0x080037b6   0x00000008   Code   RO          499    i.SysTick_Handler   stm32f1xx_it.o
    0x080037be   0x080037be   0x00000066   Code   RO          302    i.SystemClock_Config  main.o
    0x08003824   0x08003824   0x00000002   Code   RO         2519    i.SystemInit        system_stm32f1xx.o
    0x08003826   0x08003826   0x00000002   PAD
    0x08003828   0x08003828   0x000000fc   Code   RO         2207    i.UART_SetConfig    stm32f1xx_hal_uart.o
    0x08003924   0x08003924   0x00000004   Code   RO          500    i.UsageFault_Handler  stm32f1xx_it.o
    0x08003928   0x08003928   0x00000010   Code   RO         1602    i.__NVIC_GetPriorityGrouping  stm32f1xx_hal_cortex.o
    0x08003938   0x08003938   0x00000028   Code   RO         1603    i.__NVIC_SetPriority  stm32f1xx_hal_cortex.o
    0x08003960   0x08003960   0x00000004   Code   RO          429    i._sys_exit         usart.o
    0x08003964   0x08003964   0x00000038   Code   RO           13    i.buffInsert        max30102.o
    0x0800399c   0x0800399c   0x000000c0   Code   RO           14    i.calAcDc           max30102.o
    0x08003a5c   0x08003a5c   0x0000003c   Code   RO           15    i.filter            max30102.o
    0x08003a98   0x08003a98   0x00000150   Code   RO          303    i.main              main.o
    0x08003be8   0x08003be8   0x0000000e   Code   RO          209    i.max               oled.o
    0x08003bf6   0x08003bf6   0x00000002   PAD
    0x08003bf8   0x08003bf8   0x0000021c   Code   RO           18    i.max30102_cal      max30102.o
    0x08003e14   0x08003e14   0x0000000c   Code   RO           19    i.max30102_getDiff  max30102.o
    0x08003e20   0x08003e20   0x000000b0   Code   RO           20    i.max30102_getFIFO  max30102.o
    0x08003ed0   0x08003ed0   0x0000000c   Code   RO           21    i.max30102_getHeartRate  max30102.o
    0x08003edc   0x08003edc   0x0000000c   Code   RO           22    i.max30102_getSpO2  max30102.o
    0x08003ee8   0x08003ee8   0x0000004c   Code   RO           23    i.max30102_getStatus  max30102.o
    0x08003f34   0x08003f34   0x0000006c   Code   RO           24    i.max30102_getUnreadSampleCount  max30102.o
    0x08003fa0   0x08003fa0   0x00000140   Code   RO           25    i.max30102_init     max30102.o
    0x080040e0   0x080040e0   0x0000000e   Code   RO          210    i.min               oled.o
    0x080040ee   0x080040ee   0x00000002   PAD
    0x080040f0   0x080040f0   0x00000150   Code   RO         2566    x$fpl$dadd          fz_ws.l(daddsub_clz.o)
    0x08004240   0x08004240   0x00000018   Code   RO         2615    x$fpl$dcmpinf       fz_ws.l(dcmpi.o)
    0x08004258   0x08004258   0x000002b0   Code   RO         2573    x$fpl$ddiv          fz_ws.l(ddiv.o)
    0x08004508   0x08004508   0x0000005a   Code   RO         2576    x$fpl$dfixu         fz_ws.l(dfixu.o)
    0x08004562   0x08004562   0x00000002   PAD
    0x08004564   0x08004564   0x00000078   Code   RO         2580    x$fpl$dleqf         fz_ws.l(dleqf.o)
    0x080045dc   0x080045dc   0x00000154   Code   RO         2582    x$fpl$dmul          fz_ws.l(dmul.o)
    0x08004730   0x08004730   0x0000009c   Code   RO         2617    x$fpl$dnaninf       fz_ws.l(dnaninf.o)
    0x080047cc   0x080047cc   0x0000000c   Code   RO         2619    x$fpl$dretinf       fz_ws.l(dretinf.o)
    0x080047d8   0x080047d8   0x0000006c   Code   RO         2584    x$fpl$drleqf        fz_ws.l(drleqf.o)
    0x08004844   0x08004844   0x00000016   Code   RO         2567    x$fpl$drsb          fz_ws.l(daddsub_clz.o)
    0x0800485a   0x0800485a   0x00000002   PAD
    0x0800485c   0x0800485c   0x000001d4   Code   RO         2568    x$fpl$dsub          fz_ws.l(daddsub_clz.o)
    0x08004a30   0x08004a30   0x00000056   Code   RO         2586    x$fpl$f2d           fz_ws.l(f2d.o)
    0x08004a86   0x08004a86   0x00000002   PAD
    0x08004a88   0x08004a88   0x000000c4   Code   RO         2588    x$fpl$fadd          fz_ws.l(faddsub_clz.o)
    0x08004b4c   0x08004b4c   0x00000018   Code   RO         2621    x$fpl$fcmpinf       fz_ws.l(fcmpi.o)
    0x08004b64   0x08004b64   0x00000184   Code   RO         2595    x$fpl$fdiv          fz_ws.l(fdiv.o)
    0x08004ce8   0x08004ce8   0x0000003e   Code   RO         2598    x$fpl$ffixu         fz_ws.l(ffixu.o)
    0x08004d26   0x08004d26   0x00000002   PAD
    0x08004d28   0x08004d28   0x00000030   Code   RO         2603    x$fpl$fflt          fz_ws.l(fflt_clz.o)
    0x08004d58   0x08004d58   0x00000026   Code   RO         2602    x$fpl$ffltu         fz_ws.l(fflt_clz.o)
    0x08004d7e   0x08004d7e   0x00000002   PAD
    0x08004d80   0x08004d80   0x00000068   Code   RO         2608    x$fpl$fleqf         fz_ws.l(fleqf.o)
    0x08004de8   0x08004de8   0x00000102   Code   RO         2610    x$fpl$fmul          fz_ws.l(fmul.o)
    0x08004eea   0x08004eea   0x0000008c   Code   RO         2623    x$fpl$fnaninf       fz_ws.l(fnaninf.o)
    0x08004f76   0x08004f76   0x0000000a   Code   RO         2625    x$fpl$fretinf       fz_ws.l(fretinf.o)
    0x08004f80   0x08004f80   0x00000014   Code   RO         2589    x$fpl$frsb          fz_ws.l(faddsub_clz.o)
    0x08004f94   0x08004f94   0x000000ea   Code   RO         2590    x$fpl$fsub          fz_ws.l(faddsub_clz.o)
    0x0800507e   0x0800507e   0x00000000   Code   RO         2627    x$fpl$usenofp       fz_ws.l(usenofp.o)
    0x0800507e   0x0800507e   0x00000278   Data   RO          212    .constdata          oled.o
    0x080052f6   0x080052f6   0x00000018   Data   RO         2520    .constdata          system_stm32f1xx.o
    0x0800530e   0x0800530e   0x00000002   PAD
    0x08005310   0x08005310   0x00000020   Data   RO         2778    Region$$Table       anon$$obj.o


    Execution Region RW_IRAM1 (Exec base: 0x20000000, Load base: 0x08005330, Size: 0x00000d18, Max: 0x00010000, ABSOLUTE)

    Exec Addr    Load Addr    Size         Type   Attr      Idx    E Section Name        Object

    0x20000000   0x08005330   0x00000018   Data   RW           27    .data               max30102.o
    0x20000018   0x08005348   0x00000007   Data   RW          213    .data               oled.o
    0x2000001f   0x0800534f   0x00000001   PAD
    0x20000020   0x08005350   0x00000009   Data   RW         1134    .data               stm32f1xx_hal.o
    0x20000029   0x08005359   0x00000003   PAD
    0x2000002c   0x0800535c   0x00000004   Data   RW         2521    .data               system_stm32f1xx.o
    0x20000030        -       0x0000019a   Zero   RW           26    .bss                max30102.o
    0x200001ca        -       0x00000400   Zero   RW          211    .bss                oled.o
    0x200005ca   0x08005360   0x00000002   PAD
    0x200005cc        -       0x000000a8   Zero   RW          382    .bss                i2c.o
    0x20000674        -       0x00000044   Zero   RW          432    .bss                usart.o
    0x200006b8        -       0x00000060   Zero   RW         2654    .bss                c_w.l(libspace.o)
    0x20000718        -       0x00000200   Zero   RW            2    HEAP                startup_stm32f103xe.o
    0x20000918        -       0x00000400   Zero   RW            1    STACK               startup_stm32f103xe.o


==============================================================================

Image component sizes


      Code (inc. data)   RO Data    RW Data    ZI Data      Debug   Object Name

       164         14          0          0          0        839   gpio.o
       344         42          0          0        168       2014   i2c.o
       444          8          0          0          0       1612   main.o
      1564        132          0         24        410     469234   max30102.o
      1868        210        632          7       1024       8328   oled.o
        64         26        304          0       1536        772   startup_stm32f103xe.o
       192         36          0          9          0       6181   stm32f1xx_hal.o
       304         22          0          0          0      29135   stm32f1xx_hal_cortex.o
       432         10          0          0          0       1678   stm32f1xx_hal_dma.o
       880         40          0          0          0       3752   stm32f1xx_hal_gpio.o
      7126         90          0          0          0      30119   stm32f1xx_hal_i2c.o
        84          8          0          0          0        814   stm32f1xx_hal_msp.o
      1784        110          0          0          0       5696   stm32f1xx_hal_rcc.o
       366          4          0          0          0       1608   stm32f1xx_hal_uart.o
        50          6          0          0          0       3991   stm32f1xx_it.o
         2          0         24          4          0        999   system_stm32f1xx.o
       196         24          0          0         68       3226   usart.o

    ----------------------------------------------------------------------
     15876        782        994         48       3208     569998   Object Totals
         0          0         32          0          0          0   (incl. Generated)
        12          0          2          4          2          0   (incl. Padding)

    ----------------------------------------------------------------------

      Code (inc. data)   RO Data    RW Data    ZI Data      Debug   Library Member Name

         8          0          0          0          0         68   __main.o
         0          0          0          0          0          0   __rtentry.o
        12          0          0          0          0          0   __rtentry2.o
         6          0          0          0          0          0   __rtentry4.o
        52          8          0          0          0          0   __scatter.o
        26          0          0          0          0          0   __scatter_copy.o
        28          0          0          0          0          0   __scatter_zi.o
        18          0          0          0          0         80   exit.o
         6          0          0          0          0        152   heapauxi.o
         2          0          0          0          0          0   libinit.o
         2          0          0          0          0          0   libinit2.o
         2          0          0          0          0          0   libshutdown.o
         2          0          0          0          0          0   libshutdown2.o
         8          4          0          0         96         68   libspace.o
        78          0          0          0          0         80   rt_memclr_w.o
       100          0          0          0          0         80   rt_memcpy_w.o
         2          0          0          0          0          0   rtexit.o
        10          0          0          0          0          0   rtexit2.o
        74          0          0          0          0         80   sys_stackheap_outer.o
         2          0          0          0          0         68   use_no_semi.o
         2          0          0          0          0         68   use_no_semi_2.o
       826         16          0          0          0        348   daddsub_clz.o
        24          0          0          0          0         68   dcmpi.o
       688        140          0          0          0        208   ddiv.o
        90          4          0          0          0         92   dfixu.o
       120          4          0          0          0         92   dleqf.o
       340         12          0          0          0        104   dmul.o
       156          4          0          0          0         92   dnaninf.o
        12          0          0          0          0         68   dretinf.o
       108          0          0          0          0         80   drleqf.o
        86          4          0          0          0         84   f2d.o
       450          8          0          0          0        236   faddsub_clz.o
        24          0          0          0          0         68   fcmpi.o
       388         76          0          0          0         96   fdiv.o
        62          4          0          0          0         84   ffixu.o
        86          0          0          0          0        136   fflt_clz.o
       104          4          0          0          0         84   fleqf.o
       258          4          0          0          0         84   fmul.o
       140          4          0          0          0         84   fnaninf.o
        10          0          0          0          0         68   fretinf.o
         0          0          0          0          0          0   usenofp.o

    ----------------------------------------------------------------------
      4426        296          0          0         96       2920   Library Totals
        14          0          0          0          0          0   (incl. Padding)

    ----------------------------------------------------------------------

      Code (inc. data)   RO Data    RW Data    ZI Data      Debug   Library Name

       440         12          0          0         96        744   c_w.l
      3972        284          0          0          0       2176   fz_ws.l

    ----------------------------------------------------------------------
      4426        296          0          0         96       2920   Library Totals

    ----------------------------------------------------------------------

==============================================================================


      Code (inc. data)   RO Data    RW Data    ZI Data      Debug   

     20302       1078        994         48       3304     565998   Grand Totals
     20302       1078        994         48       3304     565998   ELF Image Totals
     20302       1078        994         48          0          0   ROM Totals

==============================================================================

    Total RO  Size (Code + RO Data)                21296 (  20.80kB)
    Total RW  Size (RW Data + ZI Data)              3352 (   3.27kB)
    Total ROM Size (Code + RO Data + RW Data)      21344 (  20.84kB)

==============================================================================

